../Core/Src/main.c:81:5:main	8	static
../Core/Src/main.c:141:6:SystemClock_Config	128	static
../Core/Src/main.c:195:13:SystemPower_Config	8	static
../Core/Src/main.c:218:13:MX_ADC1_Init	40	static
../Core/Src/main.c:279:13:MX_ICACHE_Init	8	static
../Core/Src/main.c:311:13:MX_LPTIM1_Init	8	static
../Core/Src/main.c:355:13:MX_RTC_Init	64	static
../Core/Src/main.c:437:13:MX_SPI1_Init	24	static
../Core/Src/main.c:494:13:MX_USART2_UART_Init	8	static
../Core/Src/main.c:542:13:MX_GPIO_Init	48	static
../Core/Src/main.c:615:13:HAL_RTCEx_WakeUpTimerEventCallback	16	static
../Core/Src/main.c:636:6:HAL_TIM_PeriodElapsedCallback	16	static
../Core/Src/main.c:653:6:Error_Handler	8	static,ignoring_inline_asm
