../Core/Src/app_threadx.c:97:6:App_ThreadX_Init	56	static
../Core/Src/app_threadx.c:127:6:MX_ThreadX_Init	8	static
../Core/Src/app_threadx.c:145:6:App_ThreadX_LowPower_Timer_Setup	32	static
../Core/Src/app_threadx.c:181:6:App_ThreadX_LowPower_Enter	8	static
../Core/Src/app_threadx.c:199:6:App_ThreadX_LowPower_Exit	8	static
../Core/Src/app_threadx.c:221:7:App_ThreadX_LowPower_Timer_Adjust	16	static
../Core/Src/app_threadx.c:247:6:menu_task_entry	32	static
../Core/Src/app_threadx.c:291:6:debounce_task_entry	24	static
