../Core/Src/app_threadx.c:100:6:App_ThreadX_Init	56	static
../Core/Src/app_threadx.c:130:6:MX_ThreadX_Init	8	static
../Core/Src/app_threadx.c:148:6:App_ThreadX_LowPower_Timer_Setup	32	static
../Core/Src/app_threadx.c:184:6:App_ThreadX_LowPower_Enter	8	static
../Core/Src/app_threadx.c:202:6:App_ThreadX_LowPower_Exit	128	static
../Core/Src/app_threadx.c:272:7:App_ThreadX_LowPower_Timer_Adjust	16	static
../Core/Src/app_threadx.c:298:6:menu_task_entry	64	static
../Core/Src/app_threadx.c:354:6:debounce_task_entry	24	static
