../Core/Src/main.c:83:5:main	8	static
../Core/Src/main.c:144:6:SystemClock_Config	128	static
../Core/Src/main.c:195:13:SystemPower_Config	8	static
../Core/Src/main.c:234:13:MX_ADC1_Init	40	static
../Core/Src/main.c:295:13:MX_ICACHE_Init	8	static
../Core/Src/main.c:327:13:MX_LPTIM1_Init	8	static
../Core/Src/main.c:371:13:MX_LPTIM4_Init	8	static
../Core/Src/main.c:413:13:MX_RTC_Init	64	static
../Core/Src/main.c:495:13:MX_SPI1_Init	24	static
../Core/Src/main.c:552:13:MX_USART1_UART_Init	8	static
../Core/Src/main.c:600:13:MX_GPIO_Init	48	static
../Core/Src/main.c:684:13:HAL_RTCEx_WakeUpTimerEventCallback	16	static
../Core/Src/main.c:705:6:HAL_TIM_PeriodElapsedCallback	16	static
../Core/Src/main.c:722:6:Error_Handler	4	static,ignoring_inline_asm
