../Core/Src/main.c:81:5:main	8	static
../Core/Src/main.c:141:6:SystemClock_Config	128	static
../Core/Src/main.c:198:13:SystemPower_Config	8	static
../Core/Src/main.c:238:13:MX_ADC1_Init	40	static
../Core/Src/main.c:302:13:MX_ICACHE_Init	8	static
../Core/Src/main.c:334:13:MX_LPTIM1_Init	8	static
../Core/Src/main.c:378:13:MX_RTC_Init	64	static
../Core/Src/main.c:470:13:MX_SPI1_Init	24	static
../Core/Src/main.c:533:13:MX_USART2_UART_Init	8	static
../Core/Src/main.c:583:13:MX_GPIO_Init	48	static
../Core/Src/main.c:671:13:HAL_RTCEx_WakeUpTimerEventCallback	16	static
../Core/Src/main.c:692:6:HAL_TIM_PeriodElapsedCallback	16	static
../Core/Src/main.c:710:6:Error_Handler	4	static,ignoring_inline_asm
