D:/githubs/fmc-320u/libs/fm_calendar/fm_calendar.c:66:6:fm_calendar_get	8	static
D:/githubs/fmc-320u/libs/fm_calendar/fm_calendar.c:88:5:fm_calendar_get_hour	8	static
D:/githubs/fmc-320u/libs/fm_calendar/fm_calendar.c:100:5:fm_calendar_get_minute	8	static
D:/githubs/fmc-320u/libs/fm_calendar/fm_calendar.c:112:5:fm_calendar_get_second	8	static
D:/githubs/fmc-320u/libs/fm_calendar/fm_calendar.c:123:5:fm_calendar_get_day	8	static
D:/githubs/fmc-320u/libs/fm_calendar/fm_calendar.c:134:5:fm_calendar_get_month	8	static
D:/githubs/fmc-320u/libs/fm_calendar/fm_calendar.c:145:5:fm_calendar_get_year	8	static
D:/githubs/fmc-320u/libs/fm_calendar/fm_calendar.c:157:6:fm_calendar_format_time	40	static
D:/githubs/fmc-320u/libs/fm_calendar/fm_calendar.c:182:6:fm_calendar_format_date	40	static
