../Drivers/CMSIS/Include/core_cm33.h:3212:26:ITM_SendChar	16	static,ignoring_inline_asm
../libs/fm_debug.c:128:6:FM_DEBUG_ItmMsg	16	static
../libs/fm_debug.c:149:6:FM_DEBUG_UartMsg	24	static
../libs/fm_debug.c:177:6:FM_DEBUG_UartUint8	16	static
../libs/fm_debug.c:188:6:FM_DEBUG_UartUint16	16	static
../libs/fm_debug.c:200:6:FM_DEBUG_UartUint32	16	static
../libs/fm_debug.c:206:6:FM_DEBUG_UartInt32	16	static
../libs/fm_debug.c:217:6:FM_DEBUG_UartFloat	24	static
../libs/fm_debug.c:224:6:FM_DEUBUG_LedError	8	static
