../libs/fm_fmc.c:99:6:FM_FMC_Init	128	static
../libs/fm_fmc.c:112:8:FM_FMC_AcmCalc	16	static
../libs/fm_fmc.c:131:8:FM_FMC_AcmGet	4	static
../libs/fm_fmc.c:142:6:FM_FMC_AcmReset	4	static
../libs/fm_fmc.c:154:6:FM_FMC_CaptureSet	16	static
../libs/fm_fmc.c:163:8:FM_FMC_FactorCalGet	4	static
../libs/fm_fmc.c:175:10:FM_FMC_FactorCalSet	16	static
../libs/fm_fmc.c:196:8:FM_FMC_FactorKCalc	24	static
../libs/fm_fmc.c:218:8:FM_FMC_FactorKGet	4	static
../libs/fm_fmc.c:230:10:FM_FMC_FactorKSet	16	static
../libs/fm_fmc.c:251:8:FM_FMC_FactorRateCalc	32	static
../libs/fm_fmc.c:268:14:FM_FMC_FactorRateSet	24	static
../libs/fm_fmc.c:288:20:FM_FMC_GetEnviroment	16	static
../libs/fm_fmc.c:299:6:FM_FMC_PulseAdd	48	static
../libs/fm_fmc.c:311:8:FM_FMC_RateCalc	16	static
../libs/fm_fmc.c:333:9:FM_FMC_RateFpSelGet	4	static
../libs/fm_fmc.c:341:6:FM_FMC_RateFpInc	4	static
../libs/fm_fmc.c:359:8:FM_FMC_TtlCalc	16	static
../libs/fm_fmc.c:380:8:FM_FMC_TtlGet	4	static
../libs/fm_fmc.c:388:10:FM_FMC_TtlPulseGet	4	static
../libs/fm_fmc.c:396:19:FM_FMC_TotalizerVolUnitGet	4	static
../libs/fm_fmc.c:404:10:FM_FMC_TotalizerVolUnitSet	64	static
../libs/fm_fmc.c:424:20:FM_FMC_TotalizerTimeUnitGet	4	static
../libs/fm_fmc.c:432:14:FM_FMC_TotalizerTimeUnitSet	64	static
../libs/fm_fmc.c:455:6:FM_FMC_TtlReset	4	static
../libs/fm_fmc.c:469:9:FM_FMC_TotalizerFpSelGet	4	static
../libs/fm_fmc.c:477:6:FM_FMC_TotalizerFpInc	4	static
../libs/fm_fmc.c:494:6:FM_FMC_TotalizerStrUnitGet	16	static
../libs/fm_fmc.c:505:6:FM_FMC_TotalizerTimeUnitSel	16	static
../libs/fm_fmc.c:539:10:FM_FMC_TicketNumberGet	4	static
