../libs/fm_fmc.c:91:6:FM_FMC_Init	120	static
../libs/fm_fmc.c:104:8:FM_FMC_AcmCalc	16	static
../libs/fm_fmc.c:123:8:FM_FMC_AcmGet	4	static
../libs/fm_fmc.c:134:6:FM_FMC_AcmReset	4	static
../libs/fm_fmc.c:146:6:FM_FMC_CaptureSet	16	static
../libs/fm_fmc.c:155:8:FM_FMC_FactorCalGet	4	static
../libs/fm_fmc.c:167:10:FM_FMC_FactorCalSet	16	static
../libs/fm_fmc.c:188:8:FM_FMC_FactorKCalc	24	static
../libs/fm_fmc.c:211:8:FM_FMC_FactorKGet	4	static
../libs/fm_fmc.c:224:10:FM_FMC_FactorKSet	16	static
../libs/fm_fmc.c:247:8:FM_FMC_FactorRateCalc	32	static
../libs/fm_fmc.c:264:14:FM_FMC_FactorRateSet	24	static
../libs/fm_fmc.c:285:20:FM_FMC_GetEnviroment	16	static
../libs/fm_fmc.c:296:6:FM_FMC_PulseAdd	48	static
../libs/fm_fmc.c:308:8:FM_FMC_RateCalc	16	static
../libs/fm_fmc.c:330:9:FM_FMC_RateFpSelGet	4	static
../libs/fm_fmc.c:338:6:FM_FMC_RateFpInc	4	static
../libs/fm_fmc.c:356:8:FM_FMC_TtlCalc	16	static
../libs/fm_fmc.c:377:8:FM_FMC_TtlGet	4	static
../libs/fm_fmc.c:385:10:FM_FMC_TtlPulseGet	4	static
../libs/fm_fmc.c:394:19:FM_FMC_TotalizerVolUnitGet	4	static
../libs/fm_fmc.c:402:10:FM_FMC_TotalizerVolUnitSet	64	static
../libs/fm_fmc.c:425:20:FM_FMC_TotalizerTimeUnitGet	4	static
../libs/fm_fmc.c:433:14:FM_FMC_TotalizerTimeUnitSet	64	static
../libs/fm_fmc.c:459:6:FM_FMC_TtlReset	4	static
../libs/fm_fmc.c:468:9:FM_FMC_TotalizerFpSelGet	4	static
../libs/fm_fmc.c:476:6:FM_FMC_TotalizerFpInc	4	static
../libs/fm_fmc.c:493:6:FM_FMC_TotalizerStrUnitGet	16	static
../libs/fm_fmc.c:504:6:FM_FMC_TotalizerTimeUnitSel	16	static
