../libs/fm_lcd_ll.c:153:6:FM_LCD_LL_BlinkChar	16	static
../libs/fm_lcd_ll.c:165:6:FM_LCD_LL_BlinkClear	24	static
../libs/fm_lcd_ll.c:197:6:FM_LCD_LL_BlinkNumber	16	static
../libs/fm_lcd_ll.c:226:6:FM_LCD_LL_BlinkSymbol	16	static
../libs/fm_lcd_ll.c:239:6:FM_LCD_LL_Clear	16	static
../libs/fm_lcd_ll.c:265:10:FM_LCD_LL_GetRowSize	24	static
../libs/fm_lcd_ll.c:290:6:FM_LCD_LL_Init	16	static
../libs/fm_lcd_ll.c:304:6:FM_LCD_LL_PutChar	16	static
../libs/fm_lcd_ll.c:542:6:FM_LCD_LL_Refresh	8	static
../libs/fm_lcd_ll.c:554:6:FM_LCD_LL_SymbolWrite	16	static
../libs/fm_lcd_ll.c:867:6:FM_LCD_LL_PutChar_1	16	static
../libs/fm_lcd_ll.c:1196:6:FM_LCD_LL_PutChar_2	16	static
../libs/fm_lcd_ll.c:1539:6:WriteLine	24	static
