../libs/fm_lcd_ll.c:157:6:FM_LCD_LL_BlinkChar	16	static
../libs/fm_lcd_ll.c:169:6:FM_LCD_LL_BlinkClear	24	static
../libs/fm_lcd_ll.c:201:6:FM_LCD_LL_BlinkNumber	16	static
../libs/fm_lcd_ll.c:230:6:FM_LCD_LL_BlinkSymbol	16	static
../libs/fm_lcd_ll.c:241:6:FM_LCD_LL_Clear	16	static
../libs/fm_lcd_ll.c:267:10:FM_LCD_LL_GetRowSize	24	static
../libs/fm_lcd_ll.c:292:6:FM_LCD_LL_Init	16	static
../libs/fm_lcd_ll.c:306:6:FM_LCD_LL_PutChar	16	static
../libs/fm_lcd_ll.c:544:6:FM_LCD_LL_Refresh	8	static
../libs/fm_lcd_ll.c:556:6:FM_LCD_LL_SymbolWrite	16	static
../libs/fm_lcd_ll.c:869:6:FM_LCD_LL_PutChar_1	16	static
../libs/fm_lcd_ll.c:1198:6:FM_LCD_LL_PutChar_2	16	static
../libs/fm_lcd_ll.c:1541:6:WriteLine	24	static
