D:/githubs/fmc-320u/libs/fm_calendar/fm_calendar.c:66:6:fm_calendar_format_date	40	static
D:/githubs/fmc-320u/libs/fm_calendar/fm_calendar.c:89:6:fm_calendar_format_time	40	static
D:/githubs/fmc-320u/libs/fm_calendar/fm_calendar.c:114:6:fm_calendar_get	8	static
D:/githubs/fmc-320u/libs/fm_calendar/fm_calendar.c:136:5:fm_calendar_get_day	8	static
D:/githubs/fmc-320u/libs/fm_calendar/fm_calendar.c:147:5:fm_calendar_get_hour	8	static
D:/githubs/fmc-320u/libs/fm_calendar/fm_calendar.c:159:5:fm_calendar_get_minute	8	static
D:/githubs/fmc-320u/libs/fm_calendar/fm_calendar.c:170:5:fm_calendar_get_month	8	static
D:/githubs/fmc-320u/libs/fm_calendar/fm_calendar.c:182:5:fm_calendar_get_second	8	static
D:/githubs/fmc-320u/libs/fm_calendar/fm_calendar.c:193:5:fm_calendar_get_year	8	static
