Archive member included to satisfy reference by file (symbol)

C:/ST/STM32CubeIDE_1.17.0/STM32CubeIDE/plugins/com.st.stm32cube.ide.mcu.externaltools.gnu-tools-for-stm32.12.3.rel1.win32_1.1.0.202410251130/tools/bin/../lib/gcc/arm-none-eabi/12.3.1/../../../../arm-none-eabi/lib/thumb/v8-m.main+fp/hard\libc_nano.a(libc_a-exit.o)
                              C:/ST/STM32CubeIDE_1.17.0/STM32CubeIDE/plugins/com.st.stm32cube.ide.mcu.externaltools.gnu-tools-for-stm32.12.3.rel1.win32_1.1.0.202410251130/tools/bin/../lib/gcc/arm-none-eabi/12.3.1/../../../../arm-none-eabi/lib/thumb/v8-m.main+fp/hard/crt0.o (exit)
C:/ST/STM32CubeIDE_1.17.0/STM32CubeIDE/plugins/com.st.stm32cube.ide.mcu.externaltools.gnu-tools-for-stm32.12.3.rel1.win32_1.1.0.202410251130/tools/bin/../lib/gcc/arm-none-eabi/12.3.1/../../../../arm-none-eabi/lib/thumb/v8-m.main+fp/hard\libc_nano.a(libc_a-findfp.o)
                              C:/ST/STM32CubeIDE_1.17.0/STM32CubeIDE/plugins/com.st.stm32cube.ide.mcu.externaltools.gnu-tools-for-stm32.12.3.rel1.win32_1.1.0.202410251130/tools/bin/../lib/gcc/arm-none-eabi/12.3.1/../../../../arm-none-eabi/lib/thumb/v8-m.main+fp/hard\libc_nano.a(libc_a-exit.o) (__stdio_exit_handler)
C:/ST/STM32CubeIDE_1.17.0/STM32CubeIDE/plugins/com.st.stm32cube.ide.mcu.externaltools.gnu-tools-for-stm32.12.3.rel1.win32_1.1.0.202410251130/tools/bin/../lib/gcc/arm-none-eabi/12.3.1/../../../../arm-none-eabi/lib/thumb/v8-m.main+fp/hard\libc_nano.a(libc_a-fwalk.o)
                              C:/ST/STM32CubeIDE_1.17.0/STM32CubeIDE/plugins/com.st.stm32cube.ide.mcu.externaltools.gnu-tools-for-stm32.12.3.rel1.win32_1.1.0.202410251130/tools/bin/../lib/gcc/arm-none-eabi/12.3.1/../../../../arm-none-eabi/lib/thumb/v8-m.main+fp/hard\libc_nano.a(libc_a-findfp.o) (_fwalk_sglue)
C:/ST/STM32CubeIDE_1.17.0/STM32CubeIDE/plugins/com.st.stm32cube.ide.mcu.externaltools.gnu-tools-for-stm32.12.3.rel1.win32_1.1.0.202410251130/tools/bin/../lib/gcc/arm-none-eabi/12.3.1/../../../../arm-none-eabi/lib/thumb/v8-m.main+fp/hard\libc_nano.a(libc_a-snprintf.o)
                              ./FLOWMEET/fm_debug.o (snprintf)
C:/ST/STM32CubeIDE_1.17.0/STM32CubeIDE/plugins/com.st.stm32cube.ide.mcu.externaltools.gnu-tools-for-stm32.12.3.rel1.win32_1.1.0.202410251130/tools/bin/../lib/gcc/arm-none-eabi/12.3.1/../../../../arm-none-eabi/lib/thumb/v8-m.main+fp/hard\libc_nano.a(libc_a-stdio.o)
                              C:/ST/STM32CubeIDE_1.17.0/STM32CubeIDE/plugins/com.st.stm32cube.ide.mcu.externaltools.gnu-tools-for-stm32.12.3.rel1.win32_1.1.0.202410251130/tools/bin/../lib/gcc/arm-none-eabi/12.3.1/../../../../arm-none-eabi/lib/thumb/v8-m.main+fp/hard\libc_nano.a(libc_a-findfp.o) (__sread)
C:/ST/STM32CubeIDE_1.17.0/STM32CubeIDE/plugins/com.st.stm32cube.ide.mcu.externaltools.gnu-tools-for-stm32.12.3.rel1.win32_1.1.0.202410251130/tools/bin/../lib/gcc/arm-none-eabi/12.3.1/../../../../arm-none-eabi/lib/thumb/v8-m.main+fp/hard\libc_nano.a(libc_a-memset.o)
                              C:/ST/STM32CubeIDE_1.17.0/STM32CubeIDE/plugins/com.st.stm32cube.ide.mcu.externaltools.gnu-tools-for-stm32.12.3.rel1.win32_1.1.0.202410251130/tools/bin/../lib/gcc/arm-none-eabi/12.3.1/../../../../arm-none-eabi/lib/thumb/v8-m.main+fp/hard/crt0.o (memset)
C:/ST/STM32CubeIDE_1.17.0/STM32CubeIDE/plugins/com.st.stm32cube.ide.mcu.externaltools.gnu-tools-for-stm32.12.3.rel1.win32_1.1.0.202410251130/tools/bin/../lib/gcc/arm-none-eabi/12.3.1/../../../../arm-none-eabi/lib/thumb/v8-m.main+fp/hard\libc_nano.a(libc_a-closer.o)
                              C:/ST/STM32CubeIDE_1.17.0/STM32CubeIDE/plugins/com.st.stm32cube.ide.mcu.externaltools.gnu-tools-for-stm32.12.3.rel1.win32_1.1.0.202410251130/tools/bin/../lib/gcc/arm-none-eabi/12.3.1/../../../../arm-none-eabi/lib/thumb/v8-m.main+fp/hard\libc_nano.a(libc_a-stdio.o) (_close_r)
C:/ST/STM32CubeIDE_1.17.0/STM32CubeIDE/plugins/com.st.stm32cube.ide.mcu.externaltools.gnu-tools-for-stm32.12.3.rel1.win32_1.1.0.202410251130/tools/bin/../lib/gcc/arm-none-eabi/12.3.1/../../../../arm-none-eabi/lib/thumb/v8-m.main+fp/hard\libc_nano.a(libc_a-reent.o)
                              C:/ST/STM32CubeIDE_1.17.0/STM32CubeIDE/plugins/com.st.stm32cube.ide.mcu.externaltools.gnu-tools-for-stm32.12.3.rel1.win32_1.1.0.202410251130/tools/bin/../lib/gcc/arm-none-eabi/12.3.1/../../../../arm-none-eabi/lib/thumb/v8-m.main+fp/hard\libc_nano.a(libc_a-closer.o) (errno)
C:/ST/STM32CubeIDE_1.17.0/STM32CubeIDE/plugins/com.st.stm32cube.ide.mcu.externaltools.gnu-tools-for-stm32.12.3.rel1.win32_1.1.0.202410251130/tools/bin/../lib/gcc/arm-none-eabi/12.3.1/../../../../arm-none-eabi/lib/thumb/v8-m.main+fp/hard\libc_nano.a(libc_a-impure.o)
                              C:/ST/STM32CubeIDE_1.17.0/STM32CubeIDE/plugins/com.st.stm32cube.ide.mcu.externaltools.gnu-tools-for-stm32.12.3.rel1.win32_1.1.0.202410251130/tools/bin/../lib/gcc/arm-none-eabi/12.3.1/../../../../arm-none-eabi/lib/thumb/v8-m.main+fp/hard\libc_nano.a(libc_a-snprintf.o) (_impure_ptr)
[...]
Memory Configuration

Name             Origin             Length             Attributes
RAM              0x20000000         0x000c0000         xrw
SRAM4            0x28000000         0x00004000         xrw
FLASH            0x08000000         0x00200000         xr
*default*        0x00000000         0xffffffff

Linker script and memory map

LOAD C:/ST/STM32CubeIDE_1.17.0/STM32CubeIDE/plugins/com.st.stm32cube.ide.mcu.externaltools.gnu-tools-for-stm32.12.3.rel1.win32_1.1.0.202410251130/tools/bin/../lib/gcc/arm-none-eabi/12.3.1/thumb/v8-m.main+fp/hard/crti.o
LOAD C:/ST/STM32CubeIDE_1.17.0/STM32CubeIDE/plugins/com.st.stm32cube.ide.mcu.externaltools.gnu-tools-for-stm32.12.3.rel1.win32_1.1.0.202410251130/tools/bin/../lib/gcc/arm-none-eabi/12.3.1/thumb/v8-m.main+fp/hard/crtbegin.o
LOAD C:/ST/STM32CubeIDE_1.17.0/STM32CubeIDE/plugins/com.st.stm32cube.ide.mcu.externaltools.gnu-tools-for-stm32.12.3.rel1.win32_1.1.0.202410251130/tools/bin/../lib/gcc/arm-none-eabi/12.3.1/../../../../arm-none-eabi/lib/thumb/v8-m.main+fp/hard/crt0.o
LOAD ./Core/Src/gpio.o
LOAD ./Core/Src/icache.o
LOAD ./Core/Src/main.o
LOAD ./Core/Src/memorymap.o
LOAD ./Core/Src/stm32u5xx_hal_msp.o
LOAD ./Core/Src/stm32u5xx_it.o
LOAD ./Core/Src/syscalls.o
LOAD ./Core/Src/sysmem.o
LOAD ./Core/Src/system_stm32u5xx.o
LOAD ./Core/Src/usart.o
LOAD ./Core/Startup/startup_stm32u575vitxq.o
LOAD ./Drivers/STM32U5xx_HAL_Driver/Src/stm32u5xx_hal.o
LOAD ./Drivers/STM32U5xx_HAL_Driver/Src/stm32u5xx_hal_cortex.o
LOAD ./Drivers/STM32U5xx_HAL_Driver/Src/stm32u5xx_hal_dma.o
LOAD ./Drivers/STM32U5xx_HAL_Driver/Src/stm32u5xx_hal_dma_ex.o
LOAD ./Drivers/STM32U5xx_HAL_Driver/Src/stm32u5xx_hal_exti.o
LOAD ./Drivers/STM32U5xx_HAL_Driver/Src/stm32u5xx_hal_flash.o
LOAD ./Drivers/STM32U5xx_HAL_Driver/Src/stm32u5xx_hal_flash_ex.o
LOAD ./Drivers/STM32U5xx_HAL_Driver/Src/stm32u5xx_hal_gpio.o
LOAD ./Drivers/STM32U5xx_HAL_Driver/Src/stm32u5xx_hal_gtzc.o
LOAD ./Drivers/STM32U5xx_HAL_Driver/Src/stm32u5xx_hal_i2c.o
LOAD ./Drivers/STM32U5xx_HAL_Driver/Src/stm32u5xx_hal_i2c_ex.o
LOAD ./Drivers/STM32U5xx_HAL_Driver/Src/stm32u5xx_hal_icache.o
LOAD ./Drivers/STM32U5xx_HAL_Driver/Src/stm32u5xx_hal_pwr.o
LOAD ./Drivers/STM32U5xx_HAL_Driver/Src/stm32u5xx_hal_pwr_ex.o
LOAD ./Drivers/STM32U5xx_HAL_Driver/Src/stm32u5xx_hal_rcc.o
LOAD ./Drivers/STM32U5xx_HAL_Driver/Src/stm32u5xx_hal_rcc_ex.o
LOAD ./Drivers/STM32U5xx_HAL_Driver/Src/stm32u5xx_hal_uart.o
LOAD ./Drivers/STM32U5xx_HAL_Driver/Src/stm32u5xx_hal_uart_ex.o
LOAD ./FLOWMEET/fm_debug.o
LOAD ./FLOWMEET/fm_main.o
LOAD ./FLOWMEET/fm_mxc.o
START GROUP
LOAD C:/ST/STM32CubeIDE_1.17.0/STM32CubeIDE/plugins/com.st.stm32cube.ide.mcu.externaltools.gnu-tools-for-stm32.12.3.rel1.win32_1.1.0.202410251130/tools/bin/../lib/gcc/arm-none-eabi/12.3.1/../../../../arm-none-eabi/lib/thumb/v8-m.main+fp/hard\libc_nano.a
LOAD C:/ST/STM32CubeIDE_1.17.0/STM32CubeIDE/plugins/com.st.stm32cube.ide.mcu.externaltools.gnu-tools-for-stm32.12.3.rel1.win32_1.1.0.202410251130/tools/bin/../lib/gcc/arm-none-eabi/12.3.1/../../../../arm-none-eabi/lib/thumb/v8-m.main+fp/hard\libm.a
END GROUP
START GROUP
LOAD C:/ST/STM32CubeIDE_1.17.0/STM32CubeIDE/plugins/com.st.stm32cube.ide.mcu.externaltools.gnu-tools-for-stm32.12.3.rel1.win32_1.1.0.202410251130/tools/bin/../lib/gcc/arm-none-eabi/12.3.1/thumb/v8-m.main+fp/hard\libgcc.a
LOAD C:/ST/STM32CubeIDE_1.17.0/STM32CubeIDE/plugins/com.st.stm32cube.ide.mcu.externaltools.gnu-tools-for-stm32.12.3.rel1.win32_1.1.0.202410251130/tools/bin/../lib/gcc/arm-none-eabi/12.3.1/../../../../arm-none-eabi/lib/thumb/v8-m.main+fp/hard\libc_nano.a
END GROUP
START GROUP
LOAD C:/ST/STM32CubeIDE_1.17.0/STM32CubeIDE/plugins/com.st.stm32cube.ide.mcu.externaltools.gnu-tools-for-stm32.12.3.rel1.win32_1.1.0.202410251130/tools/bin/../lib/gcc/arm-none-eabi/12.3.1/thumb/v8-m.main+fp/hard\libgcc.a
LOAD C:/ST/STM32CubeIDE_1.17.0/STM32CubeIDE/plugins/com.st.stm32cube.ide.mcu.externaltools.gnu-tools-for-stm32.12.3.rel1.win32_1.1.0.202410251130/tools/bin/../lib/gcc/arm-none-eabi/12.3.1/../../../../arm-none-eabi/lib/thumb/v8-m.main+fp/hard\libc_nano.a
LOAD C:/ST/STM32CubeIDE_1.17.0/STM32CubeIDE/plugins/com.st.stm32cube.ide.mcu.externaltools.gnu-tools-for-stm32.12.3.rel1.win32_1.1.0.202410251130/tools/bin/../lib/gcc/arm-none-eabi/12.3.1/../../../../arm-none-eabi/lib/thumb/v8-m.main+fp/hard\libnosys.a
END GROUP
START GROUP
LOAD C:/ST/STM32CubeIDE_1.17.0/STM32CubeIDE/plugins/com.st.stm32cube.ide.mcu.externaltools.gnu-tools-for-stm32.12.3.rel1.win32_1.1.0.202410251130/tools/bin/../lib/gcc/arm-none-eabi/12.3.1/thumb/v8-m.main+fp/hard\libgcc.a
LOAD C:/ST/STM32CubeIDE_1.17.0/STM32CubeIDE/plugins/com.st.stm32cube.ide.mcu.externaltools.gnu-tools-for-stm32.12.3.rel1.win32_1.1.0.202410251130/tools/bin/../lib/gcc/arm-none-eabi/12.3.1/../../../../arm-none-eabi/lib/thumb/v8-m.main+fp/hard\libc_nano.a
LOAD C:/ST/STM32CubeIDE_1.17.0/STM32CubeIDE/plugins/com.st.stm32cube.ide.mcu.externaltools.gnu-tools-for-stm32.12.3.rel1.win32_1.1.0.202410251130/tools/bin/../lib/gcc/arm-none-eabi/12.3.1/../../../../arm-none-eabi/lib/thumb/v8-m.main+fp/hard\libnosys.a
END GROUP
LOAD C:/ST/STM32CubeIDE_1.17.0/STM32CubeIDE/plugins/com.st.stm32cube.ide.mcu.externaltools.gnu-tools-for-stm32.12.3.rel1.win32_1.1.0.202410251130/tools/bin/../lib/gcc/arm-none-eabi/12.3.1/thumb/v8-m.main+fp/hard/crtend.o
LOAD C:/ST/STM32CubeIDE_1.17.0/STM32CubeIDE/plugins/com.st.stm32cube.ide.mcu.externaltools.gnu-tools-for-stm32.12.3.rel1.win32_1.1.0.202410251130/tools/bin/../lib/gcc/arm-none-eabi/12.3.1/thumb/v8-m.main+fp/hard/crtn.o
                0x200c0000                        _estack = (ORIGIN (RAM) + LENGTH (RAM))
                0x00000200                        _Min_Heap_Size = 0x200
                0x00000400                        _Min_Stack_Size = 0x400

.isr_vector     0x08000000      0x238
 *(.isr_vector)
 .isr_vector    0x08000000      0x238 ./Core/Startup/startup_stm32u575vitxq.o
                0x08000000                g_pfnVectors

.text           0x08000238     0x7fc0
 *(.text)
 .text          0x08000238       0x40 C:/ST/STM32CubeIDE_1.17.0/STM32CubeIDE/plugins/com.st.stm32cube.ide.mcu.externaltools.gnu-tools-for-stm32.12.3.rel1.win32_1.1.0.202410251130/tools/bin/../lib/gcc/arm-none-eabi/12.3.1/thumb/v8-m.main+fp/hard/crtbegin.o
 .text          0x08000278       0x10 C:/ST/STM32CubeIDE_1.17.0/STM32CubeIDE/plugins/com.st.stm32cube.ide.mcu.externaltools.gnu-tools-for-stm32.12.3.rel1.win32_1.1.0.202410251130/tools/bin/../lib/gcc/arm-none-eabi/12.3.1/../../../../arm-none-eabi/lib/thumb/v8-m.main+fp/hard\libc_nano.a(libc_a-strlen.o)
                0x08000278                strlen
 .text          0x08000288       0x30 C:/ST/STM32CubeIDE_1.17.0/STM32CubeIDE/plugins/com.st.stm32cube.ide.mcu.externaltools.gnu-tools-for-stm32.12.3.rel1.win32_1.1.0.202410251130/tools/bin/../lib/gcc/arm-none-eabi/12.3.1/thumb/v8-m.main+fp/hard\libgcc.a(_aeabi_uldivmod.o)
                0x08000288                __aeabi_uldivmod
 .text          0x080002b8      0x2e4 C:/ST/STM32CubeIDE_1.17.0/STM32CubeIDE/plugins/com.st.stm32cube.ide.mcu.externaltools.gnu-tools-for-stm32.12.3.rel1.win32_1.1.0.202410251130/tools/bin/../lib/gcc/arm-none-eabi/12.3.1/thumb/v8-m.main+fp/hard\libgcc.a(_udivmoddi4.o)
                0x080002b8                __udivmoddi4
 .text          0x0800059c        0x4 C:/ST/STM32CubeIDE_1.17.0/STM32CubeIDE/plugins/com.st.stm32cube.ide.mcu.externaltools.gnu-tools-for-stm32.12.3.rel1.win32_1.1.0.202410251130/tools/bin/../lib/gcc/arm-none-eabi/12.3.1/thumb/v8-m.main+fp/hard\libgcc.a(_dvmd_tls.o)
                0x0800059c                __aeabi_idiv0
                0x0800059c                __aeabi_ldiv0
 *(.text*)
 .text.MX_GPIO_Init
                0x080005a0      0x21c ./Core/Src/gpio.o
                0x080005a0                MX_GPIO_Init
 .text.MX_ICACHE_Init
                0x080007bc       0x26 ./Core/Src/icache.o
                0x080007bc                MX_ICACHE_Init
 .text.main     0x080007e2       0x26 ./Core/Src/main.o
                0x080007e2                main
 .text.SystemClock_Config
                0x08000808       0x92 ./Core/Src/main.o
                0x08000808                SystemClock_Config
 .text.SystemPower_Config
                0x0800089a       0x1c ./Core/Src/main.o
 .text.Error_Handler
                0x080008b6        0xc ./Core/Src/main.o
                0x080008b6                Error_Handler
 *fill*         0x080008c2        0x2 
 .text.HAL_MspInit
                0x080008c4       0x34 ./Core/Src/stm32u5xx_hal_msp.o
                0x080008c4                HAL_MspInit
 .text.NMI_Handler
                0x080008f8        0x8 ./Core/Src/stm32u5xx_it.o
                0x080008f8                NMI_Handler
 .text.HardFault_Handler
                0x08000900        0x8 ./Core/Src/stm32u5xx_it.o
                0x08000900                HardFault_Handler
 .text.MemManage_Handler
                0x08000908        0x8 ./Core/Src/stm32u5xx_it.o
                0x08000908                MemManage_Handler
 .text.BusFault_Handler
                0x08000910        0x8 ./Core/Src/stm32u5xx_it.o
                0x08000910                BusFault_Handler
 .text.UsageFault_Handler
                0x08000918        0x8 ./Core/Src/stm32u5xx_it.o
                0x08000918                UsageFault_Handler
 .text.SVC_Handler
                0x08000920        0xe ./Core/Src/stm32u5xx_it.o
                0x08000920                SVC_Handler
 .text.DebugMon_Handler
                0x0800092e        0xe ./Core/Src/stm32u5xx_it.o
                0x0800092e                DebugMon_Handler
 .text.PendSV_Handler
                0x0800093c        0xe ./Core/Src/stm32u5xx_it.o
                0x0800093c                PendSV_Handler
 .text.SysTick_Handler
                0x0800094a        0xc ./Core/Src/stm32u5xx_it.o
                0x0800094a                SysTick_Handler
 *fill*         0x08000956        0x2 
 .text.USART3_IRQHandler
                0x08000958       0x14 ./Core/Src/stm32u5xx_it.o
                0x08000958                USART3_IRQHandler
 .text.SystemInit
                0x0800096c       0x70 ./Core/Src/system_stm32u5xx.o
                0x0800096c                SystemInit
 .text.MX_USART1_UART_Init
                0x080009dc       0x98 ./Core/Src/usart.o
                0x080009dc                MX_USART1_UART_Init
 .text.MX_USART3_UART_Init
                0x08000a74       0x98 ./Core/Src/usart.o
                0x08000a74                MX_USART3_UART_Init
 .text.HAL_UART_MspInit
                0x08000b0c      0x180 ./Core/Src/usart.o
                0x08000b0c                HAL_UART_MspInit
 .text.HAL_UART_MspDeInit
                0x08000c8c       0x74 ./Core/Src/usart.o
                0x08000c8c                HAL_UART_MspDeInit
 .text.Reset_Handler
                0x08000d00       0x50 ./Core/Startup/startup_stm32u575vitxq.o
                0x08000d00                Reset_Handler
 .text.Default_Handler
                0x08000d50        0x2 ./Core/Startup/startup_stm32u575vitxq.o
                0x08000d50                EXTI2_IRQHandler
                0x08000d50                TIM8_TRG_COM_IRQHandler
                0x08000d50                TIM8_CC_IRQHandler
                0x08000d50                EXTI5_IRQHandler
                0x08000d50                FLASH_S_IRQHandler
                0x08000d50                EXTI13_IRQHandler
                0x08000d50                TIM1_CC_IRQHandler
                0x08000d50                TSC_IRQHandler
                0x08000d50                TAMP_IRQHandler
                0x08000d50                TIM6_IRQHandler
                0x08000d50                EXTI12_IRQHandler
                0x08000d50                CORDIC_IRQHandler
                0x08000d50                EXTI3_IRQHandler
                0x08000d50                LPTIM4_IRQHandler
                0x08000d50                GPDMA1_Channel5_IRQHandler
                0x08000d50                EXTI8_IRQHandler
                0x08000d50                LPTIM2_IRQHandler
                0x08000d50                I2C3_ER_IRQHandler
                0x08000d50                PWR_S3WU_IRQHandler
                0x08000d50                MDF1_FLT2_IRQHandler
                0x08000d50                LPDMA1_Channel3_IRQHandler
                0x08000d50                LPTIM3_IRQHandler
                0x08000d50                EXTI0_IRQHandler
                0x08000d50                I2C2_EV_IRQHandler
                0x08000d50                FPU_IRQHandler
                0x08000d50                GPDMA1_Channel3_IRQHandler
                0x08000d50                GPDMA1_Channel7_IRQHandler
                0x08000d50                MDF1_FLT4_IRQHandler
                0x08000d50                FDCAN1_IT1_IRQHandler
                0x08000d50                RAMCFG_IRQHandler
                0x08000d50                GPDMA1_Channel9_IRQHandler
                0x08000d50                DCACHE1_IRQHandler
                0x08000d50                SPI1_IRQHandler
                0x08000d50                OCTOSPI1_IRQHandler
                0x08000d50                GPDMA1_Channel2_IRQHandler
                0x08000d50                TIM8_UP_IRQHandler
                0x08000d50                RCC_S_IRQHandler
                0x08000d50                OCTOSPI2_IRQHandler
                0x08000d50                SAI2_IRQHandler
                0x08000d50                MDF1_FLT1_IRQHandler
                0x08000d50                ADC1_IRQHandler
                0x08000d50                MDF1_FLT5_IRQHandler
                0x08000d50                EXTI15_IRQHandler
                0x08000d50                TIM17_IRQHandler
                0x08000d50                RTC_IRQHandler
                0x08000d50                EXTI9_IRQHandler
                0x08000d50                UART5_IRQHandler
                0x08000d50                TIM4_IRQHandler
                0x08000d50                I2C1_EV_IRQHandler
                0x08000d50                GPDMA1_Channel12_IRQHandler
                0x08000d50                GPDMA1_Channel1_IRQHandler
                0x08000d50                TIM16_IRQHandler
                0x08000d50                GPDMA1_Channel15_IRQHandler
                0x08000d50                UART4_IRQHandler
                0x08000d50                SecureFault_Handler
                0x08000d50                TIM3_IRQHandler
                0x08000d50                RCC_IRQHandler
                0x08000d50                TIM1_TRG_COM_IRQHandler
                0x08000d50                Default_Handler
                0x08000d50                GPDMA1_Channel8_IRQHandler
                0x08000d50                FMAC_IRQHandler
                0x08000d50                GPDMA1_Channel11_IRQHandler
                0x08000d50                TIM7_IRQHandler
                0x08000d50                SDMMC1_IRQHandler
                0x08000d50                TIM5_IRQHandler
                0x08000d50                UCPD1_IRQHandler
                0x08000d50                GPDMA1_Channel0_IRQHandler
                0x08000d50                TIM15_IRQHandler
                0x08000d50                I2C3_EV_IRQHandler
                0x08000d50                LPDMA1_Channel0_IRQHandler
                0x08000d50                PVD_PVM_IRQHandler
                0x08000d50                SPI2_IRQHandler
                0x08000d50                LPDMA1_Channel1_IRQHandler
                0x08000d50                EXTI14_IRQHandler
                0x08000d50                EXTI11_IRQHandler
                0x08000d50                CRS_IRQHandler
                0x08000d50                GPDMA1_Channel14_IRQHandler
                0x08000d50                LSECSSD_IRQHandler
                0x08000d50                EXTI4_IRQHandler
                0x08000d50                RTC_S_IRQHandler
                0x08000d50                GPDMA1_Channel13_IRQHandler
                0x08000d50                RNG_IRQHandler
                0x08000d50                COMP_IRQHandler
                0x08000d50                TIM1_UP_IRQHandler
                0x08000d50                ADC4_IRQHandler
                0x08000d50                WWDG_IRQHandler
                0x08000d50                I2C4_EV_IRQHandler
                0x08000d50                ADF1_IRQHandler
                0x08000d50                IWDG_IRQHandler
                0x08000d50                LPUART1_IRQHandler
                0x08000d50                MDF1_FLT0_IRQHandler
                0x08000d50                FDCAN1_IT0_IRQHandler
                0x08000d50                TIM2_IRQHandler
                0x08000d50                GPDMA1_Channel4_IRQHandler
                0x08000d50                EXTI7_IRQHandler
                0x08000d50                DMA2D_IRQHandler
                0x08000d50                TIM1_BRK_IRQHandler
                0x08000d50                EXTI1_IRQHandler
                0x08000d50                SDMMC2_IRQHandler
                0x08000d50                DAC1_IRQHandler
                0x08000d50                GTZC_IRQHandler
                0x08000d50                MDF1_FLT3_IRQHandler
                0x08000d50                USART2_IRQHandler
                0x08000d50                GPDMA1_Channel6_IRQHandler
                0x08000d50                I2C2_ER_IRQHandler
                0x08000d50                TIM8_BRK_IRQHandler
                0x08000d50                FLASH_IRQHandler
                0x08000d50                USART1_IRQHandler
                0x08000d50                EXTI10_IRQHandler
                0x08000d50                OTG_FS_IRQHandler
                0x08000d50                SPI3_IRQHandler
                0x08000d50                LPDMA1_Channel2_IRQHandler
                0x08000d50                I2C1_ER_IRQHandler
                0x08000d50                FMC_IRQHandler
                0x08000d50                EXTI6_IRQHandler
                0x08000d50                LPTIM1_IRQHandler
                0x08000d50                DCMI_PSSI_IRQHandler
                0x08000d50                I2C4_ER_IRQHandler
                0x08000d50                GPDMA1_Channel10_IRQHandler
                0x08000d50                ICACHE_IRQHandler
                0x08000d50                SAI1_IRQHandler
                0x08000d50                HASH_IRQHandler
 *fill*         0x08000d52        0x2 
 .text.HAL_Init
                0x08000d54       0x60 ./Drivers/STM32U5xx_HAL_Driver/Src/stm32u5xx_hal.o
                0x08000d54                HAL_Init
 .text.HAL_InitTick
                0x08000db4       0xec ./Drivers/STM32U5xx_HAL_Driver/Src/stm32u5xx_hal.o
                0x08000db4                HAL_InitTick
 .text.HAL_IncTick
                0x08000ea0       0x28 ./Drivers/STM32U5xx_HAL_Driver/Src/stm32u5xx_hal.o
                0x08000ea0                HAL_IncTick
 .text.HAL_GetTick
                0x08000ec8       0x18 ./Drivers/STM32U5xx_HAL_Driver/Src/stm32u5xx_hal.o
                0x08000ec8                HAL_GetTick
 .text.HAL_Delay
                0x08000ee0       0x48 ./Drivers/STM32U5xx_HAL_Driver/Src/stm32u5xx_hal.o
                0x08000ee0                HAL_Delay
 .text.HAL_SuspendTick
                0x08000f28       0x20 ./Drivers/STM32U5xx_HAL_Driver/Src/stm32u5xx_hal.o
                0x08000f28                HAL_SuspendTick
 .text.HAL_ResumeTick
                0x08000f48       0x20 ./Drivers/STM32U5xx_HAL_Driver/Src/stm32u5xx_hal.o
                0x08000f48                HAL_ResumeTick
 .text.__NVIC_SetPriorityGrouping
                0x08000f68       0x48 ./Drivers/STM32U5xx_HAL_Driver/Src/stm32u5xx_hal_cortex.o
 .text.__NVIC_GetPriorityGrouping
                0x08000fb0       0x1c ./Drivers/STM32U5xx_HAL_Driver/Src/stm32u5xx_hal_cortex.o
 .text.__NVIC_EnableIRQ
                0x08000fcc       0x3c ./Drivers/STM32U5xx_HAL_Driver/Src/stm32u5xx_hal_cortex.o
 .text.__NVIC_DisableIRQ
                0x08001008       0x48 ./Drivers/STM32U5xx_HAL_Driver/Src/stm32u5xx_hal_cortex.o
 .text.__NVIC_SetPriority
                0x08001050       0x54 ./Drivers/STM32U5xx_HAL_Driver/Src/stm32u5xx_hal_cortex.o
 .text.NVIC_EncodePriority
                0x080010a4       0x66 ./Drivers/STM32U5xx_HAL_Driver/Src/stm32u5xx_hal_cortex.o
 .text.HAL_NVIC_SetPriorityGrouping
                0x0800110a       0x16 ./Drivers/STM32U5xx_HAL_Driver/Src/stm32u5xx_hal_cortex.o
                0x0800110a                HAL_NVIC_SetPriorityGrouping
 .text.HAL_NVIC_SetPriority
                0x08001120       0x34 ./Drivers/STM32U5xx_HAL_Driver/Src/stm32u5xx_hal_cortex.o
                0x08001120                HAL_NVIC_SetPriority
 .text.HAL_NVIC_EnableIRQ
                0x08001154       0x1c ./Drivers/STM32U5xx_HAL_Driver/Src/stm32u5xx_hal_cortex.o
                0x08001154                HAL_NVIC_EnableIRQ
 .text.HAL_NVIC_DisableIRQ
                0x08001170       0x1c ./Drivers/STM32U5xx_HAL_Driver/Src/stm32u5xx_hal_cortex.o
                0x08001170                HAL_NVIC_DisableIRQ
 .text.HAL_SYSTICK_Config
                0x0800118c       0x44 ./Drivers/STM32U5xx_HAL_Driver/Src/stm32u5xx_hal_cortex.o
                0x0800118c                HAL_SYSTICK_Config
 .text.HAL_SYSTICK_CLKSourceConfig
                0x080011d0       0xb0 ./Drivers/STM32U5xx_HAL_Driver/Src/stm32u5xx_hal_cortex.o
                0x080011d0                HAL_SYSTICK_CLKSourceConfig
 .text.HAL_SYSTICK_GetCLKSourceConfig
                0x08001280       0x74 ./Drivers/STM32U5xx_HAL_Driver/Src/stm32u5xx_hal_cortex.o
                0x08001280                HAL_SYSTICK_GetCLKSourceConfig
 .text.HAL_DMA_Abort
                0x080012f4       0xf8 ./Drivers/STM32U5xx_HAL_Driver/Src/stm32u5xx_hal_dma.o
                0x080012f4                HAL_DMA_Abort
 .text.HAL_DMA_Abort_IT
                0x080013ec       0x52 ./Drivers/STM32U5xx_HAL_Driver/Src/stm32u5xx_hal_dma.o
                0x080013ec                HAL_DMA_Abort_IT
 *fill*         0x0800143e        0x2 
 .text.HAL_GPIO_Init
                0x08001440      0x3b0 ./Drivers/STM32U5xx_HAL_Driver/Src/stm32u5xx_hal_gpio.o
                0x08001440                HAL_GPIO_Init
 .text.HAL_GPIO_DeInit
                0x080017f0      0x1bc ./Drivers/STM32U5xx_HAL_Driver/Src/stm32u5xx_hal_gpio.o
                0x080017f0                HAL_GPIO_DeInit
 .text.HAL_GPIO_ReadPin
                0x080019ac       0x30 ./Drivers/STM32U5xx_HAL_Driver/Src/stm32u5xx_hal_gpio.o
                0x080019ac                HAL_GPIO_ReadPin
 .text.HAL_GPIO_WritePin
                0x080019dc       0x30 ./Drivers/STM32U5xx_HAL_Driver/Src/stm32u5xx_hal_gpio.o
                0x080019dc                HAL_GPIO_WritePin
 .text.HAL_ICACHE_ConfigAssociativityMode
                0x08001a0c       0x40 ./Drivers/STM32U5xx_HAL_Driver/Src/stm32u5xx_hal_icache.o
                0x08001a0c                HAL_ICACHE_ConfigAssociativityMode
 .text.HAL_ICACHE_Enable
                0x08001a4c       0x20 ./Drivers/STM32U5xx_HAL_Driver/Src/stm32u5xx_hal_icache.o
                0x08001a4c                HAL_ICACHE_Enable
 .text.HAL_PWREx_ControlVoltageScaling
                0x08001a6c       0xfc ./Drivers/STM32U5xx_HAL_Driver/Src/stm32u5xx_hal_pwr_ex.o
                0x08001a6c                HAL_PWREx_ControlVoltageScaling
 .text.HAL_PWREx_GetVoltageRange
                0x08001b68       0x1c ./Drivers/STM32U5xx_HAL_Driver/Src/stm32u5xx_hal_pwr_ex.o
                0x08001b68                HAL_PWREx_GetVoltageRange
 .text.HAL_PWREx_ConfigSupply
                0x08001b84       0xa0 ./Drivers/STM32U5xx_HAL_Driver/Src/stm32u5xx_hal_pwr_ex.o
                0x08001b84                HAL_PWREx_ConfigSupply
 .text.HAL_PWREx_EnterSTOP2Mode
                0x08001c24       0x58 ./Drivers/STM32U5xx_HAL_Driver/Src/stm32u5xx_hal_pwr_ex.o
                0x08001c24                HAL_PWREx_EnterSTOP2Mode
 .text.HAL_PWREx_DisableUCPDDeadBattery
                0x08001c7c       0x20 ./Drivers/STM32U5xx_HAL_Driver/Src/stm32u5xx_hal_pwr_ex.o
                0x08001c7c                HAL_PWREx_DisableUCPDDeadBattery
 .text.HAL_RCC_OscConfig
                0x08001c9c      0xdb8 ./Drivers/STM32U5xx_HAL_Driver/Src/stm32u5xx_hal_rcc.o
                0x08001c9c                HAL_RCC_OscConfig
 .text.HAL_RCC_ClockConfig
                0x08002a54      0x3e4 ./Drivers/STM32U5xx_HAL_Driver/Src/stm32u5xx_hal_rcc.o
                0x08002a54                HAL_RCC_ClockConfig
 .text.HAL_RCC_GetSysClockFreq
                0x08002e38      0x204 ./Drivers/STM32U5xx_HAL_Driver/Src/stm32u5xx_hal_rcc.o
                0x08002e38                HAL_RCC_GetSysClockFreq
 .text.HAL_RCC_GetHCLKFreq
                0x0800303c       0x34 ./Drivers/STM32U5xx_HAL_Driver/Src/stm32u5xx_hal_rcc.o
                0x0800303c                HAL_RCC_GetHCLKFreq
 .text.HAL_RCC_GetPCLK1Freq
                0x08003070       0x28 ./Drivers/STM32U5xx_HAL_Driver/Src/stm32u5xx_hal_rcc.o
                0x08003070                HAL_RCC_GetPCLK1Freq
 .text.HAL_RCC_GetPCLK2Freq
                0x08003098       0x28 ./Drivers/STM32U5xx_HAL_Driver/Src/stm32u5xx_hal_rcc.o
                0x08003098                HAL_RCC_GetPCLK2Freq
 .text.HAL_RCC_GetPCLK3Freq
                0x080030c0       0x28 ./Drivers/STM32U5xx_HAL_Driver/Src/stm32u5xx_hal_rcc.o
                0x080030c0                HAL_RCC_GetPCLK3Freq
 .text.RCC_SetFlashLatencyFromMSIRange
                0x080030e8      0x10c ./Drivers/STM32U5xx_HAL_Driver/Src/stm32u5xx_hal_rcc.o
 .text.HAL_RCCEx_PeriphCLKConfig
                0x080031f4      0xb48 ./Drivers/STM32U5xx_HAL_Driver/Src/stm32u5xx_hal_rcc_ex.o
                0x080031f4                HAL_RCCEx_PeriphCLKConfig
 .text.HAL_RCCEx_GetPLL1ClockFreq
                0x08003d3c      0x2b4 ./Drivers/STM32U5xx_HAL_Driver/Src/stm32u5xx_hal_rcc_ex.o
                0x08003d3c                HAL_RCCEx_GetPLL1ClockFreq
 .text.HAL_RCCEx_GetPLL2ClockFreq
                0x08003ff0      0x2b4 ./Drivers/STM32U5xx_HAL_Driver/Src/stm32u5xx_hal_rcc_ex.o
                0x08003ff0                HAL_RCCEx_GetPLL2ClockFreq
 .text.HAL_RCCEx_GetPLL3ClockFreq
                0x080042a4      0x2b4 ./Drivers/STM32U5xx_HAL_Driver/Src/stm32u5xx_hal_rcc_ex.o
                0x080042a4                HAL_RCCEx_GetPLL3ClockFreq
 .text.HAL_RCCEx_GetPeriphCLKFreq
                0x08004558     0x136c ./Drivers/STM32U5xx_HAL_Driver/Src/stm32u5xx_hal_rcc_ex.o
                0x08004558                HAL_RCCEx_GetPeriphCLKFreq
 .text.RCCEx_PLL2_Config
                0x080058c4      0x130 ./Drivers/STM32U5xx_HAL_Driver/Src/stm32u5xx_hal_rcc_ex.o
 .text.RCCEx_PLL3_Config
                0x080059f4      0x130 ./Drivers/STM32U5xx_HAL_Driver/Src/stm32u5xx_hal_rcc_ex.o
 .text.HAL_UART_Init
                0x08005b24       0xa0 ./Drivers/STM32U5xx_HAL_Driver/Src/stm32u5xx_hal_uart.o
                0x08005b24                HAL_UART_Init
 .text.HAL_UART_Transmit_IT
                0x08005bc4      0x148 ./Drivers/STM32U5xx_HAL_Driver/Src/stm32u5xx_hal_uart.o
                0x08005bc4                HAL_UART_Transmit_IT
 .text.HAL_UART_Receive_IT
                0x08005d0c       0xc4 ./Drivers/STM32U5xx_HAL_Driver/Src/stm32u5xx_hal_uart.o
                0x08005d0c                HAL_UART_Receive_IT
 .text.HAL_UART_IRQHandler
                0x08005dd0      0x5b0 ./Drivers/STM32U5xx_HAL_Driver/Src/stm32u5xx_hal_uart.o
                0x08005dd0                HAL_UART_IRQHandler
 .text.HAL_UART_TxCpltCallback
                0x08006380       0x14 ./Drivers/STM32U5xx_HAL_Driver/Src/stm32u5xx_hal_uart.o
                0x08006380                HAL_UART_TxCpltCallback
 .text.HAL_UART_ErrorCallback
                0x08006394       0x14 ./Drivers/STM32U5xx_HAL_Driver/Src/stm32u5xx_hal_uart.o
                0x08006394                HAL_UART_ErrorCallback
 .text.HAL_UARTEx_RxEventCallback
                0x080063a8       0x18 ./Drivers/STM32U5xx_HAL_Driver/Src/stm32u5xx_hal_uart.o
                0x080063a8                HAL_UARTEx_RxEventCallback
 .text.UART_SetConfig
                0x080063c0      0x344 ./Drivers/STM32U5xx_HAL_Driver/Src/stm32u5xx_hal_uart.o
                0x080063c0                UART_SetConfig
 .text.UART_AdvFeatureConfig
                0x08006704      0x144 ./Drivers/STM32U5xx_HAL_Driver/Src/stm32u5xx_hal_uart.o
                0x08006704                UART_AdvFeatureConfig
 .text.UART_CheckIdleState
                0x08006848      0x154 ./Drivers/STM32U5xx_HAL_Driver/Src/stm32u5xx_hal_uart.o
                0x08006848                UART_CheckIdleState
 .text.UART_WaitOnFlagUntilTimeout
                0x0800699c       0xda ./Drivers/STM32U5xx_HAL_Driver/Src/stm32u5xx_hal_uart.o
                0x0800699c                UART_WaitOnFlagUntilTimeout
 *fill*         0x08006a76        0x2 
 .text.UART_Start_Receive_IT
                0x08006a78      0x244 ./Drivers/STM32U5xx_HAL_Driver/Src/stm32u5xx_hal_uart.o
                0x08006a78                UART_Start_Receive_IT
 .text.UART_EndRxTransfer
                0x08006cbc       0xcc ./Drivers/STM32U5xx_HAL_Driver/Src/stm32u5xx_hal_uart.o
 .text.UART_DMAAbortOnError
                0x08006d88       0x24 ./Drivers/STM32U5xx_HAL_Driver/Src/stm32u5xx_hal_uart.o
 .text.UART_TxISR_8BIT
                0x08006dac       0xb8 ./Drivers/STM32U5xx_HAL_Driver/Src/stm32u5xx_hal_uart.o
 .text.UART_TxISR_16BIT
                0x08006e64       0xc2 ./Drivers/STM32U5xx_HAL_Driver/Src/stm32u5xx_hal_uart.o
 .text.UART_TxISR_8BIT_FIFOEN
                0x08006f26       0xe0 ./Drivers/STM32U5xx_HAL_Driver/Src/stm32u5xx_hal_uart.o
 .text.UART_TxISR_16BIT_FIFOEN
                0x08007006       0xea ./Drivers/STM32U5xx_HAL_Driver/Src/stm32u5xx_hal_uart.o
 .text.UART_EndTransmit_IT
                0x080070f0       0x56 ./Drivers/STM32U5xx_HAL_Driver/Src/stm32u5xx_hal_uart.o
 *fill*         0x08007146        0x2 
 .text.UART_RxISR_8BIT
                0x08007148      0x1c4 ./Drivers/STM32U5xx_HAL_Driver/Src/stm32u5xx_hal_uart.o
 .text.UART_RxISR_16BIT
                0x0800730c      0x1c4 ./Drivers/STM32U5xx_HAL_Driver/Src/stm32u5xx_hal_uart.o
 .text.UART_RxISR_8BIT_FIFOEN
                0x080074d0      0x370 ./Drivers/STM32U5xx_HAL_Driver/Src/stm32u5xx_hal_uart.o
 .text.UART_RxISR_16BIT_FIFOEN
                0x08007840      0x378 ./Drivers/STM32U5xx_HAL_Driver/Src/stm32u5xx_hal_uart.o
 .text.HAL_UARTEx_RxFifoFullCallback
                0x08007bb8       0x14 ./Drivers/STM32U5xx_HAL_Driver/Src/stm32u5xx_hal_uart_ex.o
                0x08007bb8                HAL_UARTEx_RxFifoFullCallback
 .text.HAL_UARTEx_TxFifoEmptyCallback
                0x08007bcc       0x14 ./Drivers/STM32U5xx_HAL_Driver/Src/stm32u5xx_hal_uart_ex.o
                0x08007bcc                HAL_UARTEx_TxFifoEmptyCallback
 .text.HAL_UARTEx_DisableFifoMode
                0x08007be0       0x72 ./Drivers/STM32U5xx_HAL_Driver/Src/stm32u5xx_hal_uart_ex.o
                0x08007be0                HAL_UARTEx_DisableFifoMode
 .text.HAL_UARTEx_SetTxFifoThreshold
                0x08007c52       0x7c ./Drivers/STM32U5xx_HAL_Driver/Src/stm32u5xx_hal_uart_ex.o
                0x08007c52                HAL_UARTEx_SetTxFifoThreshold
 .text.HAL_UARTEx_SetRxFifoThreshold
                0x08007cce       0x7c ./Drivers/STM32U5xx_HAL_Driver/Src/stm32u5xx_hal_uart_ex.o
                0x08007cce                HAL_UARTEx_SetRxFifoThreshold
 *fill*         0x08007d4a        0x2 
 .text.UARTEx_SetNbDataToProcess
                0x08007d4c       0x9c ./Drivers/STM32U5xx_HAL_Driver/Src/stm32u5xx_hal_uart_ex.o
 .text.FM_DEBUG_Init
                0x08007de8       0xb4 ./FLOWMEET/fm_debug.o
                0x08007de8                FM_DEBUG_Init
 .text.FM_DEBUG_LedError
                0x08007e9c       0x40 ./FLOWMEET/fm_debug.o
                0x08007e9c                FM_DEBUG_LedError
 .text.FM_MAIN_Main
                0x08007edc       0x48 ./FLOWMEET/fm_main.o
                0x08007edc                FM_MAIN_Main
 .text.FM_MXC_Mode
                0x08007f24       0xb8 ./FLOWMEET/fm_mxc.o
                0x08007f24                FM_MXC_Mode
 .text.FM_MXC_PowerOn
                0x08007fdc       0x38 ./FLOWMEET/fm_mxc.o
                0x08007fdc                FM_MXC_PowerOn
 .text.FM_MXC_PowerOff
                0x08008014       0x18 ./FLOWMEET/fm_mxc.o
                0x08008014                FM_MXC_PowerOff
 .text.FM_MXC_BTConnect
                0x0800802c       0x3e ./FLOWMEET/fm_mxc.o
                0x0800802c                FM_MXC_BTConnect
 *fill*         0x0800806a        0x2 
 .text.MXC_SendAT
                0x0800806c       0xac ./FLOWMEET/fm_mxc.o
                0x0800806c                MXC_SendAT
 .text.FM_MXC_Print
                0x08008118       0x40 ./FLOWMEET/fm_mxc.o
                0x08008118                FM_MXC_Print
 .text.HAL_UART_RxCpltCallback
                0x08008158       0x30 ./FLOWMEET/fm_mxc.o
                0x08008158                HAL_UART_RxCpltCallback
 .text.memset   0x08008188       0x10 C:/ST/STM32CubeIDE_1.17.0/STM32CubeIDE/plugins/com.st.stm32cube.ide.mcu.externaltools.gnu-tools-for-stm32.12.3.rel1.win32_1.1.0.202410251130/tools/bin/../lib/gcc/arm-none-eabi/12.3.1/../../../../arm-none-eabi/lib/thumb/v8-m.main+fp/hard\libc_nano.a(libc_a-memset.o)
                0x08008188                memset
 .text.__libc_init_array
                0x08008198       0x48 C:/ST/STM32CubeIDE_1.17.0/STM32CubeIDE/plugins/com.st.stm32cube.ide.mcu.externaltools.gnu-tools-for-stm32.12.3.rel1.win32_1.1.0.202410251130/tools/bin/../lib/gcc/arm-none-eabi/12.3.1/../../../../arm-none-eabi/lib/thumb/v8-m.main+fp/hard\libc_nano.a(libc_a-init.o)
                0x08008198                __libc_init_array
 *(.glue_7)
 .glue_7        0x080081e0        0x0 linker stubs
 *(.glue_7t)
 .glue_7t       0x080081e0        0x0 linker stubs
 *(.eh_frame)
 .eh_frame      0x080081e0        0x0 C:/ST/STM32CubeIDE_1.17.0/STM32CubeIDE/plugins/com.st.stm32cube.ide.mcu.externaltools.gnu-tools-for-stm32.12.3.rel1.win32_1.1.0.202410251130/tools/bin/../lib/gcc/arm-none-eabi/12.3.1/thumb/v8-m.main+fp/hard/crtbegin.o
 *(.init)
 .init          0x080081e0        0x4 C:/ST/STM32CubeIDE_1.17.0/STM32CubeIDE/plugins/com.st.stm32cube.ide.mcu.externaltools.gnu-tools-for-stm32.12.3.rel1.win32_1.1.0.202410251130/tools/bin/../lib/gcc/arm-none-eabi/12.3.1/thumb/v8-m.main+fp/hard/crti.o
                0x080081e0                _init
 .init          0x080081e4        0x8 C:/ST/STM32CubeIDE_1.17.0/STM32CubeIDE/plugins/com.st.stm32cube.ide.mcu.externaltools.gnu-tools-for-stm32.12.3.rel1.win32_1.1.0.202410251130/tools/bin/../lib/gcc/arm-none-eabi/12.3.1/thumb/v8-m.main+fp/hard/crtn.o
 *(.fini)
 .fini          0x080081ec        0x4 C:/ST/STM32CubeIDE_1.17.0/STM32CubeIDE/plugins/com.st.stm32cube.ide.mcu.externaltools.gnu-tools-for-stm32.12.3.rel1.win32_1.1.0.202410251130/tools/bin/../lib/gcc/arm-none-eabi/12.3.1/thumb/v8-m.main+fp/hard/crti.o
                0x080081ec                _fini
 .fini          0x080081f0        0x8 C:/ST/STM32CubeIDE_1.17.0/STM32CubeIDE/plugins/com.st.stm32cube.ide.mcu.externaltools.gnu-tools-for-stm32.12.3.rel1.win32_1.1.0.202410251130/tools/bin/../lib/gcc/arm-none-eabi/12.3.1/thumb/v8-m.main+fp/hard/crtn.o
                0x080081f8                        _etext = .

.vfp11_veneer   0x080081f8        0x0
 .vfp11_veneer  0x080081f8        0x0 linker stubs

.v4_bx          0x080081f8        0x0
 .v4_bx         0x080081f8        0x0 linker stubs

.iplt           0x080081f8        0x0
 .iplt          0x080081f8        0x0 C:/ST/STM32CubeIDE_1.17.0/STM32CubeIDE/plugins/com.st.stm32cube.ide.mcu.externaltools.gnu-tools-for-stm32.12.3.rel1.win32_1.1.0.202410251130/tools/bin/../lib/gcc/arm-none-eabi/12.3.1/thumb/v8-m.main+fp/hard/crtbegin.o

.rodata         0x080081f8      0x368
 *(.rodata)
 .rodata        0x080081f8        0xa ./FLOWMEET/fm_main.o
 *fill*         0x08008202        0x2 
 .rodata        0x08008204      0x11b ./FLOWMEET/fm_mxc.o
 *(.rodata*)
 *fill*         0x0800831f        0x1 
 .rodata.AHBPrescTable
                0x08008320       0x10 ./Core/Src/system_stm32u5xx.o
                0x08008320                AHBPrescTable
 .rodata.APBPrescTable
                0x08008330        0x8 ./Core/Src/system_stm32u5xx.o
                0x08008330                APBPrescTable
 .rodata.MSIRangeTable
                0x08008338       0x40 ./Core/Src/system_stm32u5xx.o
                0x08008338                MSIRangeTable
 .rodata.LPGPIO_Map
                0x08008378       0x80 ./Drivers/STM32U5xx_HAL_Driver/Src/stm32u5xx_hal_gpio.o
 .rodata.UARTPrescTable
                0x080083f8       0x18 ./Drivers/STM32U5xx_HAL_Driver/Src/stm32u5xx_hal_uart.o
                0x080083f8                UARTPrescTable
 .rodata.numerator.1
                0x08008410        0x8 ./Drivers/STM32U5xx_HAL_Driver/Src/stm32u5xx_hal_uart_ex.o
 .rodata.denominator.0
                0x08008418        0x8 ./Drivers/STM32U5xx_HAL_Driver/Src/stm32u5xx_hal_uart_ex.o
 .rodata.at_list
                0x08008420      0x140 ./FLOWMEET/fm_mxc.o
                0x08008420                at_list

.ARM.extab
 *(.ARM.extab* .gnu.linkonce.armextab.*)

.ARM            0x08008560        0x8
                0x08008560                        __exidx_start = .
 *(.ARM.exidx*)
 .ARM.exidx     0x08008560        0x8 C:/ST/STM32CubeIDE_1.17.0/STM32CubeIDE/plugins/com.st.stm32cube.ide.mcu.externaltools.gnu-tools-for-stm32.12.3.rel1.win32_1.1.0.202410251130/tools/bin/../lib/gcc/arm-none-eabi/12.3.1/../../../../arm-none-eabi/lib/thumb/v8-m.main+fp/hard\libc_nano.a(libc_a-strlen.o)
 .ARM.exidx     0x08008568        0x0 C:/ST/STM32CubeIDE_1.17.0/STM32CubeIDE/plugins/com.st.stm32cube.ide.mcu.externaltools.gnu-tools-for-stm32.12.3.rel1.win32_1.1.0.202410251130/tools/bin/../lib/gcc/arm-none-eabi/12.3.1/thumb/v8-m.main+fp/hard\libgcc.a(_udivmoddi4.o)
                                  0x8 (size before relaxing)
                0x08008568                        __exidx_end = .

.preinit_array  0x08008568        0x0
                0x08008568                        PROVIDE (__preinit_array_start = .)
 *(.preinit_array*)
                0x08008568                        PROVIDE (__preinit_array_end = .)

.init_array     0x08008568        0x4
                0x08008568                        PROVIDE (__init_array_start = .)
 *(SORT_BY_NAME(.init_array.*))
 *(.init_array*)
 .init_array    0x08008568        0x4 C:/ST/STM32CubeIDE_1.17.0/STM32CubeIDE/plugins/com.st.stm32cube.ide.mcu.externaltools.gnu-tools-for-stm32.12.3.rel1.win32_1.1.0.202410251130/tools/bin/../lib/gcc/arm-none-eabi/12.3.1/thumb/v8-m.main+fp/hard/crtbegin.o
                0x0800856c                        PROVIDE (__init_array_end = .)

.fini_array     0x0800856c        0x4
                [!provide]                        PROVIDE (__fini_array_start = .)
 *(SORT_BY_NAME(.fini_array.*))
 *(.fini_array*)
 .fini_array    0x0800856c        0x4 C:/ST/STM32CubeIDE_1.17.0/STM32CubeIDE/plugins/com.st.stm32cube.ide.mcu.externaltools.gnu-tools-for-stm32.12.3.rel1.win32_1.1.0.202410251130/tools/bin/../lib/gcc/arm-none-eabi/12.3.1/thumb/v8-m.main+fp/hard/crtbegin.o
                [!provide]                        PROVIDE (__fini_array_end = .)
                0x08008570                        _sidata = LOADADDR (.data)

.rel.dyn        0x08008570        0x0
 .rel.iplt      0x08008570        0x0 C:/ST/STM32CubeIDE_1.17.0/STM32CubeIDE/plugins/com.st.stm32cube.ide.mcu.externaltools.gnu-tools-for-stm32.12.3.rel1.win32_1.1.0.202410251130/tools/bin/../lib/gcc/arm-none-eabi/12.3.1/thumb/v8-m.main+fp/hard/crtbegin.o

.data           0x20000000        0x9 load address 0x08008570
                0x20000000                        _sdata = .
 *(.data)
 *(.data*)
 .data.SystemCoreClock
                0x20000000        0x4 ./Core/Src/system_stm32u5xx.o
                0x20000000                SystemCoreClock
 .data.uwTickPrio
                0x20000004        0x4 ./Drivers/STM32U5xx_HAL_Driver/Src/stm32u5xx_hal.o
                0x20000004                uwTickPrio
 .data.uwTickFreq
                0x20000008        0x1 ./Drivers/STM32U5xx_HAL_Driver/Src/stm32u5xx_hal.o
                0x20000008                uwTickFreq
 *(.RamFunc)
 *(.RamFunc*)
                0x20000009                        _edata = .

.igot.plt       0x2000000c        0x0 load address 0x08008579
 .igot.plt      0x2000000c        0x0 C:/ST/STM32CubeIDE_1.17.0/STM32CubeIDE/plugins/com.st.stm32cube.ide.mcu.externaltools.gnu-tools-for-stm32.12.3.rel1.win32_1.1.0.202410251130/tools/bin/../lib/gcc/arm-none-eabi/12.3.1/thumb/v8-m.main+fp/hard/crtbegin.o

.bss            0x2000000c      0x152 load address 0x08008579
                0x2000000c                        _sbss = .
                0x2000000c                        __bss_start__ = _sbss
 *(.bss)
 .bss           0x2000000c       0x1c C:/ST/STM32CubeIDE_1.17.0/STM32CubeIDE/plugins/com.st.stm32cube.ide.mcu.externaltools.gnu-tools-for-stm32.12.3.rel1.win32_1.1.0.202410251130/tools/bin/../lib/gcc/arm-none-eabi/12.3.1/thumb/v8-m.main+fp/hard/crtbegin.o
 *(.bss*)
 .bss.huart1    0x20000028       0x94 ./Core/Src/usart.o
                0x20000028                huart1
 .bss.huart3    0x200000bc       0x94 ./Core/Src/usart.o
                0x200000bc                huart3
 .bss.uwTick    0x20000150        0x4 ./Drivers/STM32U5xx_HAL_Driver/Src/stm32u5xx_hal.o
                0x20000150                uwTick
 .bss.debug_uart_enable
                0x20000154        0x4 ./FLOWMEET/fm_debug.o
                0x20000154                debug_uart_enable
 .bss.debug_led_enable
                0x20000158        0x4 ./FLOWMEET/fm_debug.o
                0x20000158                debug_led_enable
 .bss.huart3_rx_buffer
                0x2000015c        0x1 ./FLOWMEET/fm_mxc.o
                0x2000015c                huart3_rx_buffer
 .bss.c.0       0x2000015d        0x1 ./FLOWMEET/fm_mxc.o
 *(COMMON)
                0x2000015e                        _ebss = .
                0x2000015e                        __bss_end__ = _ebss

._user_heap_stack
                0x2000015e      0x602 load address 0x08008579
                0x20000160                        . = ALIGN (0x8)
 *fill*         0x2000015e        0x2 
                [!provide]                        PROVIDE (end = .)
                0x20000160                        PROVIDE (_end = .)
                0x20000360                        . = (. + _Min_Heap_Size)
 *fill*         0x20000160      0x200 
                0x20000760                        . = (. + _Min_Stack_Size)
 *fill*         0x20000360      0x400 
                0x20000760                        . = ALIGN (0x8)

/DISCARD/
 libc.a(*)
 libm.a(*)
 libgcc.a(*)

.ARM.attributes
                0x00000000       0x36
 *(.ARM.attributes)
 .ARM.attributes
                0x00000000       0x26 C:/ST/STM32CubeIDE_1.17.0/STM32CubeIDE/plugins/com.st.stm32cube.ide.mcu.externaltools.gnu-tools-for-stm32.12.3.rel1.win32_1.1.0.202410251130/tools/bin/../lib/gcc/arm-none-eabi/12.3.1/thumb/v8-m.main+fp/hard/crti.o
 .ARM.attributes
                0x00000026       0x38 C:/ST/STM32CubeIDE_1.17.0/STM32CubeIDE/plugins/com.st.stm32cube.ide.mcu.externaltools.gnu-tools-for-stm32.12.3.rel1.win32_1.1.0.202410251130/tools/bin/../lib/gcc/arm-none-eabi/12.3.1/thumb/v8-m.main+fp/hard/crtbegin.o
 .ARM.attributes
                0x0000005e       0x3a ./Core/Src/gpio.o
 .ARM.attributes
                0x00000098       0x3a ./Core/Src/icache.o
 .ARM.attributes
                0x000000d2       0x3a ./Core/Src/main.o
 .ARM.attributes
                0x0000010c       0x3a ./Core/Src/stm32u5xx_hal_msp.o
 .ARM.attributes
                0x00000146       0x3a ./Core/Src/stm32u5xx_it.o
 .ARM.attributes
                0x00000180       0x3a ./Core/Src/system_stm32u5xx.o
 .ARM.attributes
                0x000001ba       0x3a ./Core/Src/usart.o
 .ARM.attributes
                0x000001f4       0x24 ./Core/Startup/startup_stm32u575vitxq.o
 .ARM.attributes
                0x00000218       0x3a ./Drivers/STM32U5xx_HAL_Driver/Src/stm32u5xx_hal.o
 .ARM.attributes
                0x00000252       0x3a ./Drivers/STM32U5xx_HAL_Driver/Src/stm32u5xx_hal_cortex.o
 .ARM.attributes
                0x0000028c       0x3a ./Drivers/STM32U5xx_HAL_Driver/Src/stm32u5xx_hal_dma.o
 .ARM.attributes
                0x000002c6       0x3a ./Drivers/STM32U5xx_HAL_Driver/Src/stm32u5xx_hal_gpio.o
 .ARM.attributes
                0x00000300       0x3a ./Drivers/STM32U5xx_HAL_Driver/Src/stm32u5xx_hal_icache.o
 .ARM.attributes
                0x0000033a       0x3a ./Drivers/STM32U5xx_HAL_Driver/Src/stm32u5xx_hal_pwr_ex.o
 .ARM.attributes
                0x00000374       0x3a ./Drivers/STM32U5xx_HAL_Driver/Src/stm32u5xx_hal_rcc.o
 .ARM.attributes
                0x000003ae       0x3a ./Drivers/STM32U5xx_HAL_Driver/Src/stm32u5xx_hal_rcc_ex.o
 .ARM.attributes
                0x000003e8       0x3a ./Drivers/STM32U5xx_HAL_Driver/Src/stm32u5xx_hal_uart.o
 .ARM.attributes
                0x00000422       0x3a ./Drivers/STM32U5xx_HAL_Driver/Src/stm32u5xx_hal_uart_ex.o
 .ARM.attributes
                0x0000045c       0x3a ./FLOWMEET/fm_debug.o
 .ARM.attributes
                0x00000496       0x3a ./FLOWMEET/fm_main.o
 .ARM.attributes
                0x000004d0       0x3a ./FLOWMEET/fm_mxc.o
 .ARM.attributes
                0x0000050a       0x38 C:/ST/STM32CubeIDE_1.17.0/STM32CubeIDE/plugins/com.st.stm32cube.ide.mcu.externaltools.gnu-tools-for-stm32.12.3.rel1.win32_1.1.0.202410251130/tools/bin/../lib/gcc/arm-none-eabi/12.3.1/../../../../arm-none-eabi/lib/thumb/v8-m.main+fp/hard\libc_nano.a(libc_a-memset.o)
 .ARM.attributes
                0x00000542       0x38 C:/ST/STM32CubeIDE_1.17.0/STM32CubeIDE/plugins/com.st.stm32cube.ide.mcu.externaltools.gnu-tools-for-stm32.12.3.rel1.win32_1.1.0.202410251130/tools/bin/../lib/gcc/arm-none-eabi/12.3.1/../../../../arm-none-eabi/lib/thumb/v8-m.main+fp/hard\libc_nano.a(libc_a-init.o)
 .ARM.attributes
                0x0000057a       0x24 C:/ST/STM32CubeIDE_1.17.0/STM32CubeIDE/plugins/com.st.stm32cube.ide.mcu.externaltools.gnu-tools-for-stm32.12.3.rel1.win32_1.1.0.202410251130/tools/bin/../lib/gcc/arm-none-eabi/12.3.1/../../../../arm-none-eabi/lib/thumb/v8-m.main+fp/hard\libc_nano.a(libc_a-strlen.o)
 .ARM.attributes
                0x0000059e       0x26 C:/ST/STM32CubeIDE_1.17.0/STM32CubeIDE/plugins/com.st.stm32cube.ide.mcu.externaltools.gnu-tools-for-stm32.12.3.rel1.win32_1.1.0.202410251130/tools/bin/../lib/gcc/arm-none-eabi/12.3.1/thumb/v8-m.main+fp/hard\libgcc.a(_aeabi_uldivmod.o)
 .ARM.attributes
                0x000005c4       0x38 C:/ST/STM32CubeIDE_1.17.0/STM32CubeIDE/plugins/com.st.stm32cube.ide.mcu.externaltools.gnu-tools-for-stm32.12.3.rel1.win32_1.1.0.202410251130/tools/bin/../lib/gcc/arm-none-eabi/12.3.1/thumb/v8-m.main+fp/hard\libgcc.a(_udivmoddi4.o)
 .ARM.attributes
                0x000005fc       0x26 C:/ST/STM32CubeIDE_1.17.0/STM32CubeIDE/plugins/com.st.stm32cube.ide.mcu.externaltools.gnu-tools-for-stm32.12.3.rel1.win32_1.1.0.202410251130/tools/bin/../lib/gcc/arm-none-eabi/12.3.1/thumb/v8-m.main+fp/hard\libgcc.a(_dvmd_tls.o)
 .ARM.attributes
                0x00000622       0x26 C:/ST/STM32CubeIDE_1.17.0/STM32CubeIDE/plugins/com.st.stm32cube.ide.mcu.externaltools.gnu-tools-for-stm32.12.3.rel1.win32_1.1.0.202410251130/tools/bin/../lib/gcc/arm-none-eabi/12.3.1/thumb/v8-m.main+fp/hard/crtn.o
OUTPUT(105_EMC3080-Pv2.elf elf32-littlearm)
LOAD linker stubs
LOAD C:/ST/STM32CubeIDE_1.17.0/STM32CubeIDE/plugins/com.st.stm32cube.ide.mcu.externaltools.gnu-tools-for-stm32.12.3.rel1.win32_1.1.0.202410251130/tools/bin/../lib/gcc/arm-none-eabi/12.3.1/../../../../arm-none-eabi/lib/thumb/v8-m.main+fp/hard\libc.a
LOAD C:/ST/STM32CubeIDE_1.17.0/STM32CubeIDE/plugins/com.st.stm32cube.ide.mcu.externaltools.gnu-tools-for-stm32.12.3.rel1.win32_1.1.0.202410251130/tools/bin/../lib/gcc/arm-none-eabi/12.3.1/../../../../arm-none-eabi/lib/thumb/v8-m.main+fp/hard\libm.a
LOAD C:/ST/STM32CubeIDE_1.17.0/STM32CubeIDE/plugins/com.st.stm32cube.ide.mcu.externaltools.gnu-tools-for-stm32.12.3.rel1.win32_1.1.0.202410251130/tools/bin/../lib/gcc/arm-none-eabi/12.3.1/thumb/v8-m.main+fp/hard\libgcc.a

.debug_info     0x00000000    0x11df2
 .debug_info    0x00000000      0x62c ./Core/Src/gpio.o
 .debug_info    0x0000062c      0x114 ./Core/Src/icache.o
 .debug_info    0x00000740      0x3ad ./Core/Src/main.o
 .debug_info    0x00000aed      0x40c ./Core/Src/stm32u5xx_hal_msp.o
 .debug_info    0x00000ef9      0x967 ./Core/Src/stm32u5xx_it.o
 .debug_info    0x00001860      0x929 ./Core/Src/system_stm32u5xx.o
 .debug_info    0x00002189     0x15d7 ./Core/Src/usart.o
 .debug_info    0x00003760       0x30 ./Core/Startup/startup_stm32u575vitxq.o
 .debug_info    0x00003790     0x11dd ./Drivers/STM32U5xx_HAL_Driver/Src/stm32u5xx_hal.o
 .debug_info    0x0000496d     0x163a ./Drivers/STM32U5xx_HAL_Driver/Src/stm32u5xx_hal_cortex.o
 .debug_info    0x00005fa7      0xadc ./Drivers/STM32U5xx_HAL_Driver/Src/stm32u5xx_hal_dma.o
 .debug_info    0x00006a83      0x859 ./Drivers/STM32U5xx_HAL_Driver/Src/stm32u5xx_hal_gpio.o
 .debug_info    0x000072dc      0x4d6 ./Drivers/STM32U5xx_HAL_Driver/Src/stm32u5xx_hal_icache.o
 .debug_info    0x000077b2      0xe3e ./Drivers/STM32U5xx_HAL_Driver/Src/stm32u5xx_hal_pwr_ex.o
 .debug_info    0x000085f0     0x11f0 ./Drivers/STM32U5xx_HAL_Driver/Src/stm32u5xx_hal_rcc.o
 .debug_info    0x000097e0     0x157f ./Drivers/STM32U5xx_HAL_Driver/Src/stm32u5xx_hal_rcc_ex.o
 .debug_info    0x0000ad5f     0x4029 ./Drivers/STM32U5xx_HAL_Driver/Src/stm32u5xx_hal_uart.o
 .debug_info    0x0000ed88     0x11f0 ./Drivers/STM32U5xx_HAL_Driver/Src/stm32u5xx_hal_uart_ex.o
 .debug_info    0x0000ff78      0xfb2 ./FLOWMEET/fm_debug.o
 .debug_info    0x00010f2a      0x13c ./FLOWMEET/fm_main.o
 .debug_info    0x00011066      0xd8c ./FLOWMEET/fm_mxc.o

.debug_abbrev   0x00000000     0x2917
 .debug_abbrev  0x00000000      0x179 ./Core/Src/gpio.o
 .debug_abbrev  0x00000179       0xb6 ./Core/Src/icache.o
 .debug_abbrev  0x0000022f      0x1ad ./Core/Src/main.o
 .debug_abbrev  0x000003dc       0xde ./Core/Src/stm32u5xx_hal_msp.o
 .debug_abbrev  0x000004ba      0x184 ./Core/Src/stm32u5xx_it.o
 .debug_abbrev  0x0000063e      0x129 ./Core/Src/system_stm32u5xx.o
 .debug_abbrev  0x00000767      0x224 ./Core/Src/usart.o
 .debug_abbrev  0x0000098b       0x24 ./Core/Startup/startup_stm32u575vitxq.o
 .debug_abbrev  0x000009af      0x2a5 ./Drivers/STM32U5xx_HAL_Driver/Src/stm32u5xx_hal.o
 .debug_abbrev  0x00000c54      0x311 ./Drivers/STM32U5xx_HAL_Driver/Src/stm32u5xx_hal_cortex.o
 .debug_abbrev  0x00000f65      0x1ff ./Drivers/STM32U5xx_HAL_Driver/Src/stm32u5xx_hal_dma.o
 .debug_abbrev  0x00001164      0x25a ./Drivers/STM32U5xx_HAL_Driver/Src/stm32u5xx_hal_gpio.o
 .debug_abbrev  0x000013be      0x228 ./Drivers/STM32U5xx_HAL_Driver/Src/stm32u5xx_hal_icache.o
 .debug_abbrev  0x000015e6      0x215 ./Drivers/STM32U5xx_HAL_Driver/Src/stm32u5xx_hal_pwr_ex.o
 .debug_abbrev  0x000017fb      0x2cb ./Drivers/STM32U5xx_HAL_Driver/Src/stm32u5xx_hal_rcc.o
 .debug_abbrev  0x00001ac6      0x23d ./Drivers/STM32U5xx_HAL_Driver/Src/stm32u5xx_hal_rcc_ex.o
 .debug_abbrev  0x00001d03      0x305 ./Drivers/STM32U5xx_HAL_Driver/Src/stm32u5xx_hal_uart.o
 .debug_abbrev  0x00002008      0x2d4 ./Drivers/STM32U5xx_HAL_Driver/Src/stm32u5xx_hal_uart_ex.o
 .debug_abbrev  0x000022dc      0x2b5 ./FLOWMEET/fm_debug.o
 .debug_abbrev  0x00002591       0xd4 ./FLOWMEET/fm_main.o
 .debug_abbrev  0x00002665      0x2b2 ./FLOWMEET/fm_mxc.o

.debug_aranges  0x00000000      0xdd8
 .debug_aranges
                0x00000000       0x20 ./Core/Src/gpio.o
 .debug_aranges
                0x00000020       0x20 ./Core/Src/icache.o
 .debug_aranges
                0x00000040       0x38 ./Core/Src/main.o
 .debug_aranges
                0x00000078       0x20 ./Core/Src/stm32u5xx_hal_msp.o
 .debug_aranges
                0x00000098       0x68 ./Core/Src/stm32u5xx_it.o
 .debug_aranges
                0x00000100       0x28 ./Core/Src/system_stm32u5xx.o
 .debug_aranges
                0x00000128       0x38 ./Core/Src/usart.o
 .debug_aranges
                0x00000160       0x28 ./Core/Startup/startup_stm32u575vitxq.o
 .debug_aranges
                0x00000188      0x148 ./Drivers/STM32U5xx_HAL_Driver/Src/stm32u5xx_hal.o
 .debug_aranges
                0x000002d0      0x140 ./Drivers/STM32U5xx_HAL_Driver/Src/stm32u5xx_hal_cortex.o
 .debug_aranges
                0x00000410       0xa0 ./Drivers/STM32U5xx_HAL_Driver/Src/stm32u5xx_hal_dma.o
 .debug_aranges
                0x000004b0       0x78 ./Drivers/STM32U5xx_HAL_Driver/Src/stm32u5xx_hal_gpio.o
 .debug_aranges
                0x00000528       0xa8 ./Drivers/STM32U5xx_HAL_Driver/Src/stm32u5xx_hal_icache.o
 .debug_aranges
                0x000005d0      0x200 ./Drivers/STM32U5xx_HAL_Driver/Src/stm32u5xx_hal_pwr_ex.o
 .debug_aranges
                0x000007d0       0xa8 ./Drivers/STM32U5xx_HAL_Driver/Src/stm32u5xx_hal_rcc.o
 .debug_aranges
                0x00000878      0x160 ./Drivers/STM32U5xx_HAL_Driver/Src/stm32u5xx_hal_rcc_ex.o
 .debug_aranges
                0x000009d8      0x248 ./Drivers/STM32U5xx_HAL_Driver/Src/stm32u5xx_hal_uart.o
 .debug_aranges
                0x00000c20       0xb8 ./Drivers/STM32U5xx_HAL_Driver/Src/stm32u5xx_hal_uart_ex.o
 .debug_aranges
                0x00000cd8       0x78 ./FLOWMEET/fm_debug.o
 .debug_aranges
                0x00000d50       0x20 ./FLOWMEET/fm_main.o
 .debug_aranges
                0x00000d70       0x68 ./FLOWMEET/fm_mxc.o

.debug_rnglists
                0x00000000      0xa88
 .debug_rnglists
                0x00000000       0x14 ./Core/Src/gpio.o
 .debug_rnglists
                0x00000014       0x13 ./Core/Src/icache.o
 .debug_rnglists
                0x00000027       0x26 ./Core/Src/main.o
 .debug_rnglists
                0x0000004d       0x13 ./Core/Src/stm32u5xx_hal_msp.o
 .debug_rnglists
                0x00000060       0x49 ./Core/Src/stm32u5xx_it.o
 .debug_rnglists
                0x000000a9       0x1a ./Core/Src/system_stm32u5xx.o
 .debug_rnglists
                0x000000c3       0x28 ./Core/Src/usart.o
 .debug_rnglists
                0x000000eb       0x19 ./Core/Startup/startup_stm32u575vitxq.o
 .debug_rnglists
                0x00000104       0xf3 ./Drivers/STM32U5xx_HAL_Driver/Src/stm32u5xx_hal.o
 .debug_rnglists
                0x000001f7       0xec ./Drivers/STM32U5xx_HAL_Driver/Src/stm32u5xx_hal_cortex.o
 .debug_rnglists
                0x000002e3       0x7e ./Drivers/STM32U5xx_HAL_Driver/Src/stm32u5xx_hal_dma.o
 .debug_rnglists
                0x00000361       0x5a ./Drivers/STM32U5xx_HAL_Driver/Src/stm32u5xx_hal_gpio.o
 .debug_rnglists
                0x000003bb       0x7a ./Drivers/STM32U5xx_HAL_Driver/Src/stm32u5xx_hal_icache.o
 .debug_rnglists
                0x00000435      0x186 ./Drivers/STM32U5xx_HAL_Driver/Src/stm32u5xx_hal_pwr_ex.o
 .debug_rnglists
                0x000005bb       0x7f ./Drivers/STM32U5xx_HAL_Driver/Src/stm32u5xx_hal_rcc.o
 .debug_rnglists
                0x0000063a      0x113 ./Drivers/STM32U5xx_HAL_Driver/Src/stm32u5xx_hal_rcc_ex.o
 .debug_rnglists
                0x0000074d      0x1fb ./Drivers/STM32U5xx_HAL_Driver/Src/stm32u5xx_hal_uart.o
 .debug_rnglists
                0x00000948       0x8c ./Drivers/STM32U5xx_HAL_Driver/Src/stm32u5xx_hal_uart_ex.o
 .debug_rnglists
                0x000009d4       0x56 ./FLOWMEET/fm_debug.o
 .debug_rnglists
                0x00000a2a       0x13 ./FLOWMEET/fm_main.o
 .debug_rnglists
                0x00000a3d       0x4b ./FLOWMEET/fm_mxc.o

.debug_macro    0x00000000    0x31d67
 .debug_macro   0x00000000      0x27c ./Core/Src/gpio.o
 .debug_macro   0x0000027c      0xaba ./Core/Src/gpio.o
 .debug_macro   0x00000d36      0x1fb ./Core/Src/gpio.o
 .debug_macro   0x00000f31       0x2e ./Core/Src/gpio.o
 .debug_macro   0x00000f5f       0x42 ./Core/Src/gpio.o
 .debug_macro   0x00000fa1       0x22 ./Core/Src/gpio.o
 .debug_macro   0x00000fc3       0x8e ./Core/Src/gpio.o
 .debug_macro   0x00001051       0x51 ./Core/Src/gpio.o
 .debug_macro   0x000010a2      0x103 ./Core/Src/gpio.o
 .debug_macro   0x000011a5       0x6a ./Core/Src/gpio.o
 .debug_macro   0x0000120f      0x1df ./Core/Src/gpio.o
 .debug_macro   0x000013ee       0x1c ./Core/Src/gpio.o
 .debug_macro   0x0000140a       0x29 ./Core/Src/gpio.o
 .debug_macro   0x00001433       0xfb ./Core/Src/gpio.o
 .debug_macro   0x0000152e     0x1685 ./Core/Src/gpio.o
 .debug_macro   0x00002bb3       0x5e ./Core/Src/gpio.o
 .debug_macro   0x00002c11    0x2279e ./Core/Src/gpio.o
 .debug_macro   0x000253af       0x6d ./Core/Src/gpio.o
 .debug_macro   0x0002541c     0x393e ./Core/Src/gpio.o
 .debug_macro   0x00028d5a      0x189 ./Core/Src/gpio.o
 .debug_macro   0x00028ee3       0x61 ./Core/Src/gpio.o
 .debug_macro   0x00028f44       0x2a ./Core/Src/gpio.o
 .debug_macro   0x00028f6e       0x43 ./Core/Src/gpio.o
 .debug_macro   0x00028fb1       0x34 ./Core/Src/gpio.o
 .debug_macro   0x00028fe5       0x16 ./Core/Src/gpio.o
 .debug_macro   0x00028ffb       0x43 ./Core/Src/gpio.o
 .debug_macro   0x0002903e       0x34 ./Core/Src/gpio.o
 .debug_macro   0x00029072       0x10 ./Core/Src/gpio.o
 .debug_macro   0x00029082       0x58 ./Core/Src/gpio.o
 .debug_macro   0x000290da       0x8e ./Core/Src/gpio.o
 .debug_macro   0x00029168       0x1c ./Core/Src/gpio.o
 .debug_macro   0x00029184      0x177 ./Core/Src/gpio.o
 .debug_macro   0x000292fb      0x369 ./Core/Src/gpio.o
 .debug_macro   0x00029664      0x19b ./Core/Src/gpio.o
 .debug_macro   0x000297ff       0x5d ./Core/Src/gpio.o
 .debug_macro   0x0002985c     0x1ae5 ./Core/Src/gpio.o
 .debug_macro   0x0002b341      0x7dc ./Core/Src/gpio.o
 .debug_macro   0x0002bb1d      0x166 ./Core/Src/gpio.o
 .debug_macro   0x0002bc83      0x2aa ./Core/Src/gpio.o
 .debug_macro   0x0002bf2d       0xc9 ./Core/Src/gpio.o
 .debug_macro   0x0002bff6      0x5a5 ./Core/Src/gpio.o
 .debug_macro   0x0002c59b      0x439 ./Core/Src/gpio.o
 .debug_macro   0x0002c9d4       0xd6 ./Core/Src/gpio.o
 .debug_macro   0x0002caaa      0x1cd ./Core/Src/gpio.o
 .debug_macro   0x0002cc77      0x432 ./Core/Src/gpio.o
 .debug_macro   0x0002d0a9       0x95 ./Core/Src/gpio.o
 .debug_macro   0x0002d13e      0x11c ./Core/Src/gpio.o
 .debug_macro   0x0002d25a      0x525 ./Core/Src/gpio.o
 .debug_macro   0x0002d77f      0x4bf ./Core/Src/gpio.o
 .debug_macro   0x0002dc3e      0x677 ./Core/Src/gpio.o
 .debug_macro   0x0002e2b5      0x1a1 ./Core/Src/gpio.o
 .debug_macro   0x0002e456      0x1c0 ./Core/Src/gpio.o
 .debug_macro   0x0002e616      0x361 ./Core/Src/gpio.o
 .debug_macro   0x0002e977       0x58 ./Core/Src/gpio.o
 .debug_macro   0x0002e9cf      0x27c ./Core/Src/icache.o
 .debug_macro   0x0002ec4b      0x2a8 ./Core/Src/main.o
 .debug_macro   0x0002eef3      0x272 ./Core/Src/stm32u5xx_hal_msp.o
 .debug_macro   0x0002f165      0x27c ./Core/Src/stm32u5xx_it.o
 .debug_macro   0x0002f3e1      0x26a ./Core/Src/system_stm32u5xx.o
 .debug_macro   0x0002f64b      0x27c ./Core/Src/usart.o
 .debug_macro   0x0002f8c7      0x287 ./Drivers/STM32U5xx_HAL_Driver/Src/stm32u5xx_hal.o
 .debug_macro   0x0002fb4e      0x263 ./Drivers/STM32U5xx_HAL_Driver/Src/stm32u5xx_hal_cortex.o
 .debug_macro   0x0002fdb1      0x264 ./Drivers/STM32U5xx_HAL_Driver/Src/stm32u5xx_hal_dma.o
 .debug_macro   0x00030015      0x298 ./Drivers/STM32U5xx_HAL_Driver/Src/stm32u5xx_hal_gpio.o
 .debug_macro   0x000302ad      0x295 ./Drivers/STM32U5xx_HAL_Driver/Src/stm32u5xx_hal_icache.o
 .debug_macro   0x00030542      0x28e ./Drivers/STM32U5xx_HAL_Driver/Src/stm32u5xx_hal_pwr_ex.o
 .debug_macro   0x000307d0      0x369 ./Drivers/STM32U5xx_HAL_Driver/Src/stm32u5xx_hal_rcc.o
 .debug_macro   0x00030b39      0x38d ./Drivers/STM32U5xx_HAL_Driver/Src/stm32u5xx_hal_rcc_ex.o
 .debug_macro   0x00030ec6      0x28e ./Drivers/STM32U5xx_HAL_Driver/Src/stm32u5xx_hal_uart.o
 .debug_macro   0x00031154      0x26f ./Drivers/STM32U5xx_HAL_Driver/Src/stm32u5xx_hal_uart_ex.o
 .debug_macro   0x000313c3      0x32e ./FLOWMEET/fm_debug.o
 .debug_macro   0x000316f1       0x16 ./FLOWMEET/fm_debug.o
 .debug_macro   0x00031707       0x20 ./FLOWMEET/fm_debug.o
 .debug_macro   0x00031727       0x1c ./FLOWMEET/fm_debug.o
 .debug_macro   0x00031743      0x2f3 ./FLOWMEET/fm_main.o
 .debug_macro   0x00031a36       0x16 ./FLOWMEET/fm_main.o
 .debug_macro   0x00031a4c      0x31b ./FLOWMEET/fm_mxc.o

.debug_line     0x00000000    0x13a36
 .debug_line    0x00000000      0x8d7 ./Core/Src/gpio.o
 .debug_line    0x000008d7      0x874 ./Core/Src/icache.o
 .debug_line    0x0000114b      0x969 ./Core/Src/main.o
 .debug_line    0x00001ab4      0x862 ./Core/Src/stm32u5xx_hal_msp.o
 .debug_line    0x00002316      0x93e ./Core/Src/stm32u5xx_it.o
 .debug_line    0x00002c54      0x965 ./Core/Src/system_stm32u5xx.o
 .debug_line    0x000035b9      0x99e ./Core/Src/usart.o
 .debug_line    0x00003f57       0x79 ./Core/Startup/startup_stm32u575vitxq.o
 .debug_line    0x00003fd0      0xce2 ./Drivers/STM32U5xx_HAL_Driver/Src/stm32u5xx_hal.o
 .debug_line    0x00004cb2      0xed4 ./Drivers/STM32U5xx_HAL_Driver/Src/stm32u5xx_hal_cortex.o
 .debug_line    0x00005b86     0x130e ./Drivers/STM32U5xx_HAL_Driver/Src/stm32u5xx_hal_dma.o
 .debug_line    0x00006e94      0xdf3 ./Drivers/STM32U5xx_HAL_Driver/Src/stm32u5xx_hal_gpio.o
 .debug_line    0x00007c87      0xb49 ./Drivers/STM32U5xx_HAL_Driver/Src/stm32u5xx_hal_icache.o
 .debug_line    0x000087d0     0x11dd ./Drivers/STM32U5xx_HAL_Driver/Src/stm32u5xx_hal_pwr_ex.o
 .debug_line    0x000099ad     0x158f ./Drivers/STM32U5xx_HAL_Driver/Src/stm32u5xx_hal_rcc.o
 .debug_line    0x0000af3c     0x231a ./Drivers/STM32U5xx_HAL_Driver/Src/stm32u5xx_hal_rcc_ex.o
 .debug_line    0x0000d256     0x39fd ./Drivers/STM32U5xx_HAL_Driver/Src/stm32u5xx_hal_uart.o
 .debug_line    0x00010c53      0xfea ./Drivers/STM32U5xx_HAL_Driver/Src/stm32u5xx_hal_uart_ex.o
 .debug_line    0x00011c3d      0xace ./FLOWMEET/fm_debug.o
 .debug_line    0x0001270b      0x904 ./FLOWMEET/fm_main.o
 .debug_line    0x0001300f      0xa27 ./FLOWMEET/fm_mxc.o

.debug_str      0x00000000   0x132fa0
 .debug_str     0x00000000   0x12a7bb ./Core/Src/gpio.o
                             0x12b2c7 (size before relaxing)
 .debug_str     0x0012a7bb       0xad ./Core/Src/icache.o
                             0x12b03b (size before relaxing)
 .debug_str     0x0012a868      0x297 ./Core/Src/main.o
                             0x12b2d8 (size before relaxing)
 .debug_str     0x0012aaff       0x2c ./Core/Src/stm32u5xx_hal_msp.o
                             0x12b1f6 (size before relaxing)
 .debug_str     0x0012ab2b      0x682 ./Core/Src/stm32u5xx_it.o
                             0x12b6be (size before relaxing)
 .debug_str     0x0012b1ad      0x1c9 ./Core/Src/system_stm32u5xx.o
                             0x12b232 (size before relaxing)
 .debug_str     0x0012b376      0xb06 ./Core/Src/usart.o
                             0x12c43d (size before relaxing)
 .debug_str     0x0012be7c       0x45 ./Core/Startup/startup_stm32u575vitxq.o
                                 0x6f (size before relaxing)
 .debug_str     0x0012bec1      0x739 ./Drivers/STM32U5xx_HAL_Driver/Src/stm32u5xx_hal.o
                             0x12c097 (size before relaxing)
 .debug_str     0x0012c5fa      0x3e7 ./Drivers/STM32U5xx_HAL_Driver/Src/stm32u5xx_hal_cortex.o
                             0x12be77 (size before relaxing)
 .debug_str     0x0012c9e1      0x358 ./Drivers/STM32U5xx_HAL_Driver/Src/stm32u5xx_hal_dma.o
                             0x12b5b6 (size before relaxing)
 .debug_str     0x0012cd39      0x2e5 ./Drivers/STM32U5xx_HAL_Driver/Src/stm32u5xx_hal_gpio.o
                             0x12b257 (size before relaxing)
 .debug_str     0x0012d01e      0x673 ./Drivers/STM32U5xx_HAL_Driver/Src/stm32u5xx_hal_icache.o
                             0x12b554 (size before relaxing)
 .debug_str     0x0012d691      0x807 ./Drivers/STM32U5xx_HAL_Driver/Src/stm32u5xx_hal_pwr_ex.o
                             0x12b972 (size before relaxing)
 .debug_str     0x0012de98     0x12f6 ./Drivers/STM32U5xx_HAL_Driver/Src/stm32u5xx_hal_rcc.o
                             0x12c927 (size before relaxing)
 .debug_str     0x0012f18e     0x256b ./Drivers/STM32U5xx_HAL_Driver/Src/stm32u5xx_hal_rcc_ex.o
                             0x12db8a (size before relaxing)
 .debug_str     0x001316f9      0x951 ./Drivers/STM32U5xx_HAL_Driver/Src/stm32u5xx_hal_uart.o
                             0x12bef9 (size before relaxing)
 .debug_str     0x0013204a      0x334 ./Drivers/STM32U5xx_HAL_Driver/Src/stm32u5xx_hal_uart_ex.o
                             0x12b9ab (size before relaxing)
 .debug_str     0x0013237e      0x949 ./FLOWMEET/fm_debug.o
                             0x12c073 (size before relaxing)
 .debug_str     0x00132cc7       0x78 ./FLOWMEET/fm_main.o
                             0x12b715 (size before relaxing)
 .debug_str     0x00132d3f      0x261 ./FLOWMEET/fm_mxc.o
                             0x12c0c5 (size before relaxing)

.comment        0x00000000       0x43
 .comment       0x00000000       0x43 ./Core/Src/gpio.o
                                 0x44 (size before relaxing)
 .comment       0x00000043       0x44 ./Core/Src/icache.o
 .comment       0x00000043       0x44 ./Core/Src/main.o
 .comment       0x00000043       0x44 ./Core/Src/stm32u5xx_hal_msp.o
 .comment       0x00000043       0x44 ./Core/Src/stm32u5xx_it.o
 .comment       0x00000043       0x44 ./Core/Src/system_stm32u5xx.o
 .comment       0x00000043       0x44 ./Core/Src/usart.o
 .comment       0x00000043       0x44 ./Drivers/STM32U5xx_HAL_Driver/Src/stm32u5xx_hal.o
 .comment       0x00000043       0x44 ./Drivers/STM32U5xx_HAL_Driver/Src/stm32u5xx_hal_cortex.o
 .comment       0x00000043       0x44 ./Drivers/STM32U5xx_HAL_Driver/Src/stm32u5xx_hal_dma.o
 .comment       0x00000043       0x44 ./Drivers/STM32U5xx_HAL_Driver/Src/stm32u5xx_hal_gpio.o
 .comment       0x00000043       0x44 ./Drivers/STM32U5xx_HAL_Driver/Src/stm32u5xx_hal_icache.o
 .comment       0x00000043       0x44 ./Drivers/STM32U5xx_HAL_Driver/Src/stm32u5xx_hal_pwr_ex.o
 .comment       0x00000043       0x44 ./Drivers/STM32U5xx_HAL_Driver/Src/stm32u5xx_hal_rcc.o
 .comment       0x00000043       0x44 ./Drivers/STM32U5xx_HAL_Driver/Src/stm32u5xx_hal_rcc_ex.o
 .comment       0x00000043       0x44 ./Drivers/STM32U5xx_HAL_Driver/Src/stm32u5xx_hal_uart.o
 .comment       0x00000043       0x44 ./Drivers/STM32U5xx_HAL_Driver/Src/stm32u5xx_hal_uart_ex.o
 .comment       0x00000043       0x44 ./FLOWMEET/fm_debug.o
 .comment       0x00000043       0x44 ./FLOWMEET/fm_main.o
 .comment       0x00000043       0x44 ./FLOWMEET/fm_mxc.o

.debug_frame    0x00000000     0x3708
 .debug_frame   0x00000000       0x34 ./Core/Src/gpio.o
 .debug_frame   0x00000034       0x2c ./Core/Src/icache.o
 .debug_frame   0x00000060       0x88 ./Core/Src/main.o
 .debug_frame   0x000000e8       0x38 ./Core/Src/stm32u5xx_hal_msp.o
 .debug_frame   0x00000120      0x120 ./Core/Src/stm32u5xx_it.o
 .debug_frame   0x00000240       0x58 ./Core/Src/system_stm32u5xx.o
 .debug_frame   0x00000298       0x94 ./Core/Src/usart.o
 .debug_frame   0x0000032c      0x500 ./Drivers/STM32U5xx_HAL_Driver/Src/stm32u5xx_hal.o
 .debug_frame   0x0000082c      0x560 ./Drivers/STM32U5xx_HAL_Driver/Src/stm32u5xx_hal_cortex.o
 .debug_frame   0x00000d8c      0x2a0 ./Drivers/STM32U5xx_HAL_Driver/Src/stm32u5xx_hal_dma.o
 .debug_frame   0x0000102c      0x1ec ./Drivers/STM32U5xx_HAL_Driver/Src/stm32u5xx_hal_gpio.o
 .debug_frame   0x00001218      0x298 ./Drivers/STM32U5xx_HAL_Driver/Src/stm32u5xx_hal_icache.o
 .debug_frame   0x000014b0      0x84c ./Drivers/STM32U5xx_HAL_Driver/Src/stm32u5xx_hal_pwr_ex.o
 .debug_frame   0x00001cfc      0x288 ./Drivers/STM32U5xx_HAL_Driver/Src/stm32u5xx_hal_rcc.o
 .debug_frame   0x00001f84      0x5f0 ./Drivers/STM32U5xx_HAL_Driver/Src/stm32u5xx_hal_rcc_ex.o
 .debug_frame   0x00002574      0xa84 ./Drivers/STM32U5xx_HAL_Driver/Src/stm32u5xx_hal_uart.o
 .debug_frame   0x00002ff8      0x314 ./Drivers/STM32U5xx_HAL_Driver/Src/stm32u5xx_hal_uart_ex.o
 .debug_frame   0x0000330c      0x1c4 ./FLOWMEET/fm_debug.o
 .debug_frame   0x000034d0       0x34 ./FLOWMEET/fm_main.o
 .debug_frame   0x00003504      0x154 ./FLOWMEET/fm_mxc.o
 .debug_frame   0x00003658       0x20 C:/ST/STM32CubeIDE_1.17.0/STM32CubeIDE/plugins/com.st.stm32cube.ide.mcu.externaltools.gnu-tools-for-stm32.12.3.rel1.win32_1.1.0.202410251130/tools/bin/../lib/gcc/arm-none-eabi/12.3.1/../../../../arm-none-eabi/lib/thumb/v8-m.main+fp/hard\libc_nano.a(libc_a-memset.o)
 .debug_frame   0x00003678       0x2c C:/ST/STM32CubeIDE_1.17.0/STM32CubeIDE/plugins/com.st.stm32cube.ide.mcu.externaltools.gnu-tools-for-stm32.12.3.rel1.win32_1.1.0.202410251130/tools/bin/../lib/gcc/arm-none-eabi/12.3.1/../../../../arm-none-eabi/lib/thumb/v8-m.main+fp/hard\libc_nano.a(libc_a-init.o)
 .debug_frame   0x000036a4       0x2c C:/ST/STM32CubeIDE_1.17.0/STM32CubeIDE/plugins/com.st.stm32cube.ide.mcu.externaltools.gnu-tools-for-stm32.12.3.rel1.win32_1.1.0.202410251130/tools/bin/../lib/gcc/arm-none-eabi/12.3.1/thumb/v8-m.main+fp/hard\libgcc.a(_aeabi_uldivmod.o)
 .debug_frame   0x000036d0       0x38 C:/ST/STM32CubeIDE_1.17.0/STM32CubeIDE/plugins/com.st.stm32cube.ide.mcu.externaltools.gnu-tools-for-stm32.12.3.rel1.win32_1.1.0.202410251130/tools/bin/../lib/gcc/arm-none-eabi/12.3.1/thumb/v8-m.main+fp/hard\libgcc.a(_udivmoddi4.o)

.debug_line_str
                0x00000000       0x53
 .debug_line_str
                0x00000000       0x53 ./Core/Startup/startup_stm32u575vitxq.o
