../Drivers/CMSIS/Include/core_cm33.h:3212:26:ITM_SendChar	16	static,ignoring_inline_asm
../libs/fm_debug.c:129:6:FM_DEBUG_ItmMsg	16	static
../libs/fm_debug.c:150:6:FM_DEBUG_UartMsg	24	static
../libs/fm_debug.c:183:6:FM_DEBUG_UartUint8	16	static
../libs/fm_debug.c:194:6:FM_DEBUG_UartUint16	16	static
../libs/fm_debug.c:206:6:FM_DEBUG_UartUint32	16	static
../libs/fm_debug.c:213:6:FM_DEBUG_UartInt32	16	static
../libs/fm_debug.c:224:6:FM_DEBUG_UartFloat	24	static
../libs/fm_debug.c:232:6:FM_DEUBUG_LedError	8	static
