../libs/fm_lcd_ll.c:155:6:FM_LCD_LL_BlinkWrite	16	static
../libs/fm_lcd_ll.c:186:6:FM_LCD_LL_BlinkSymbolWrite	16	static
../libs/fm_lcd_ll.c:202:6:FM_LCD_LL_BlinkHex	16	static
../libs/fm_lcd_ll.c:216:6:FM_LCD_LL_BlinkClear	24	static
../libs/fm_lcd_ll.c:244:6:FM_LCD_LL_Clear	16	static
../libs/fm_lcd_ll.c:270:10:FM_LCD_LL_GetRowSize	24	static
../libs/fm_lcd_ll.c:295:6:FM_LCD_LL_Init	16	static
../libs/fm_lcd_ll.c:309:6:FM_LCD_LL_PutChar	16	static
../libs/fm_lcd_ll.c:542:6:FM_LCD_LL_Refresh	8	static
../libs/fm_lcd_ll.c:554:6:FM_LCD_LL_SymbolWrite	24	static
../libs/fm_lcd_ll.c:871:6:FM_LCD_LL_PutHex_1	16	static
../libs/fm_lcd_ll.c:1197:6:FM_LCD_LL_PutHex_2	16	static
../libs/fm_lcd_ll.c:1766:6:WriteLine	24	static
