../FLOWMEET/fm_setup.c:117:9:FM_SETUP_MenuNav	32	static
../FLOWMEET/fm_setup.c:435:6:MenuSetupInitEntry	8	static
../FLOWMEET/fm_setup.c:446:6:MenuSetupPasswordEntry	32	static
../FLOWMEET/fm_setup.c:472:6:MenuSetupPasswordEnter	48	static
../FLOWMEET/fm_setup.c:505:6:MenuSetupFactorCalEntry	16	static
../FLOWMEET/fm_setup.c:534:8:MenuSetupFactorCalEdit	24	static
../FLOWMEET/fm_setup.c:592:6:MenuSetupVolUnitEntry	8	static
../FLOWMEET/fm_setup.c:615:6:MenuSetupVolUnitEdit	40	static
../FLOWMEET/fm_setup.c:668:6:MenuSetupTimeUnitEntry	16	static
../FLOWMEET/fm_setup.c:707:6:MenuSetupTimeUnitEdit	32	static
../FLOWMEET/fm_setup.c:770:6:MenuSetupDateEntry	8	static
../FLOWMEET/fm_setup.c:787:6:MenuSetupDateEdit	48	static
