../FLOWMEET/fm_setup.c:116:9:FM_SETUP_MenuNav	32	static
../FLOWMEET/fm_setup.c:443:6:MenuSetupInitEntry	8	static
../FLOWMEET/fm_setup.c:454:6:MenuSetupPasswordEntry	32	static
../FLOWMEET/fm_setup.c:480:6:MenuSetupPasswordEnter	48	static
../FLOWMEET/fm_setup.c:511:6:MenuSetupFactorCalEntry	16	static
../FLOWMEET/fm_setup.c:540:8:MenuSetupFactorCalEdit	24	static
../FLOWMEET/fm_setup.c:597:6:MenuSetupVolUnitEntry	8	static
../FLOWMEET/fm_setup.c:620:6:MenuSetupVolUnitEdit	40	static
../FLOWMEET/fm_setup.c:673:6:MenuSetupTimeUnitEntry	16	static
../FLOWMEET/fm_setup.c:709:6:MenuSetupTimeUnitEdit	32	static
../FLOWMEET/fm_setup.c:772:6:MenuSetupDateEntry	8	static
../FLOWMEET/fm_setup.c:789:6:MenuSetupDateEdit	48	static
