../FLOWMEET/fm_user.c:87:9:FM_USER_MenuNav	24	static
../FLOWMEET/fm_user.c:360:6:MenuUserPowerOnEntry	32	static
../FLOWMEET/fm_user.c:379:6:MenuUserVersionEntry	16	static
../FLOWMEET/fm_user.c:399:6:MenuUserTtlRateEntry	16	static
../FLOWMEET/fm_user.c:430:6:MenuUserTtlRateRefresh	32	static
../FLOWMEET/fm_user.c:476:6:MenuUserAcmRateEntry	16	static
../FLOWMEET/fm_user.c:505:6:MenuUserAcmRateRefresh	32	static
../FLOWMEET/fm_user.c:551:6:MenuUserRateRefresh	32	static
../FLOWMEET/fm_user.c:598:6:MenuUserPrintAcmEntry	8	static
../FLOWMEET/fm_user.c:617:6:MenuUserPrintAcmRefresh	32	static
../FLOWMEET/fm_user.c:660:6:MenuUserClockEntry	8	static
../FLOWMEET/fm_user.c:671:6:MenuUserClockRefresh	8	static
