../FLOWMEET/fm_user.c:87:9:FM_USER_MenuNav	24	static
../FLOWMEET/fm_user.c:361:6:MenuUserPowerOnEntry	32	static
../FLOWMEET/fm_user.c:380:6:MenuUserVersionEntry	16	static
../FLOWMEET/fm_user.c:400:6:MenuUserTtlRateEntry	16	static
../FLOWMEET/fm_user.c:431:6:MenuUserTtlRateRefresh	32	static
../FLOWMEET/fm_user.c:477:6:MenuUserAcmRateEntry	16	static
../FLOWMEET/fm_user.c:506:6:MenuUserAcmRateRefresh	32	static
../FLOWMEET/fm_user.c:552:6:MenuUserRateRefresh	32	static
../FLOWMEET/fm_user.c:599:6:MenuUserPrintAcmEntry	8	static
../FLOWMEET/fm_user.c:618:6:MenuUserPrintAcmRefresh	32	static
../FLOWMEET/fm_user.c:661:6:MenuUserClockEntry	8	static
../FLOWMEET/fm_user.c:672:6:MenuUserClockRefresh	8	static
