D:/githubs/fmc-320u/libs/fm_lcd/lcd.c:165:6:lcd_clear_all	16	static
D:/githubs/fmc-320u/libs/fm_lcd/lcd.c:186:6:lcd_clear_digit	16	static
D:/githubs/fmc-320u/libs/fm_lcd/lcd.c:347:6:lcd_clear_point	16	static
D:/githubs/fmc-320u/libs/fm_lcd/lcd.c:412:6:lcd_clear_symbol	16	static
D:/githubs/fmc-320u/libs/fm_lcd/lcd.c:537:6:lcd_clear_time_unit	16	static
D:/githubs/fmc-320u/libs/fm_lcd/lcd.c:559:6:lcd_clear_vol_unit	16	static
D:/githubs/fmc-320u/libs/fm_lcd/lcd.c:660:6:lcd_init	8	static
D:/githubs/fmc-320u/libs/fm_lcd/lcd.c:671:6:lcd_put_char	16	static
D:/githubs/fmc-320u/libs/fm_lcd/lcd.c:851:6:lcd_refresh	8	static
D:/githubs/fmc-320u/libs/fm_lcd/lcd.c:861:6:lcd_set_point	16	static
D:/githubs/fmc-320u/libs/fm_lcd/lcd.c:925:6:lcd_set_symbol	16	static
D:/githubs/fmc-320u/libs/fm_lcd/lcd.c:1097:6:lcd_set_time_unit	16	static
D:/githubs/fmc-320u/libs/fm_lcd/lcd.c:1124:6:lcd_set_vol_unit	16	static
D:/githubs/fmc-320u/libs/fm_lcd/lcd.c:1233:6:lcd_write_line	24	static
