D:/githubs/fmc-320u/libs/fm_menu_config/fm_menu_config.c:67:16:fm_menu_config_date_hour	192	static
D:/githubs/fmc-320u/libs/fm_menu_config/fm_menu_config.c:529:16:fm_menu_config_expansion	24	static
D:/githubs/fmc-320u/libs/fm_menu_config/fm_menu_config.c:586:16:fm_menu_config_k_lin_1	24	static
D:/githubs/fmc-320u/libs/fm_menu_config/fm_menu_config.c:670:16:fm_menu_config_k_lin_2	24	static
D:/githubs/fmc-320u/libs/fm_menu_config/fm_menu_config.c:754:16:fm_menu_config_k_lin_3	24	static
D:/githubs/fmc-320u/libs/fm_menu_config/fm_menu_config.c:838:16:fm_menu_config_k_lin_4	24	static
D:/githubs/fmc-320u/libs/fm_menu_config/fm_menu_config.c:922:16:fm_menu_config_k_lin_5	24	static
D:/githubs/fmc-320u/libs/fm_menu_config/fm_menu_config.c:1008:16:fm_menu_config_k_param	24	static
D:/githubs/fmc-320u/libs/fm_menu_config/fm_menu_config.c:1117:16:fm_menu_config_ko_param	24	static
D:/githubs/fmc-320u/libs/fm_menu_config/fm_menu_config.c:1180:16:fm_menu_config_pass	32	static
D:/githubs/fmc-320u/libs/fm_menu_config/fm_menu_config.c:1379:16:fm_menu_config_span	24	static
D:/githubs/fmc-320u/libs/fm_menu_config/fm_menu_config.c:1437:16:fm_menu_config_units_tim	320	static
D:/githubs/fmc-320u/libs/fm_menu_config/fm_menu_config.c:1560:16:fm_menu_config_units_vol	512	static
