D:/githubs/fmc-320u/libs/fm_menu_config/fm_menu_config.c:67:16:fm_menu_config_date_hour	224	static
D:/githubs/fmc-320u/libs/fm_menu_config/fm_menu_config.c:551:16:fm_menu_config_expansion	64	static
D:/githubs/fmc-320u/libs/fm_menu_config/fm_menu_config.c:603:16:fm_menu_config_k_lin_1	64	static
D:/githubs/fmc-320u/libs/fm_menu_config/fm_menu_config.c:682:16:fm_menu_config_k_lin_2	64	static
D:/githubs/fmc-320u/libs/fm_menu_config/fm_menu_config.c:761:16:fm_menu_config_k_lin_3	64	static
D:/githubs/fmc-320u/libs/fm_menu_config/fm_menu_config.c:840:16:fm_menu_config_k_lin_4	64	static
D:/githubs/fmc-320u/libs/fm_menu_config/fm_menu_config.c:919:16:fm_menu_config_k_lin_5	64	static
D:/githubs/fmc-320u/libs/fm_menu_config/fm_menu_config.c:1005:16:fm_menu_config_k_param	56	static
D:/githubs/fmc-320u/libs/fm_menu_config/fm_menu_config.c:1114:16:fm_menu_config_ko_param	56	static
D:/githubs/fmc-320u/libs/fm_menu_config/fm_menu_config.c:1174:16:fm_menu_config_pass	40	static
D:/githubs/fmc-320u/libs/fm_menu_config/fm_menu_config.c:1371:16:fm_menu_config_span	48	static
D:/githubs/fmc-320u/libs/fm_menu_config/fm_menu_config.c:1429:16:fm_menu_config_units_tim	368	static
D:/githubs/fmc-320u/libs/fm_menu_config/fm_menu_config.c:1552:16:fm_menu_config_units_vol	560	static
