../Core/Src/main.c:81:5:main	8	static
../Core/Src/main.c:141:6:SystemClock_Config	128	static
../Core/Src/main.c:192:13:SystemPower_Config	8	static
../Core/Src/main.c:215:13:MX_ADC1_Init	40	static
../Core/Src/main.c:276:13:MX_ICACHE_Init	8	static
../Core/Src/main.c:308:13:MX_LPTIM1_Init	8	static
../Core/Src/main.c:352:13:MX_RTC_Init	64	static
../Core/Src/main.c:434:13:MX_SPI1_Init	24	static
../Core/Src/main.c:491:13:MX_USART2_UART_Init	8	static
../Core/Src/main.c:539:13:MX_GPIO_Init	48	static
../Core/Src/main.c:622:13:HAL_RTCEx_WakeUpTimerEventCallback	16	static
../Core/Src/main.c:643:6:HAL_TIM_PeriodElapsedCallback	16	static
../Core/Src/main.c:660:6:Error_Handler	8	static,ignoring_inline_asm
