../FLOWMEET/fm_mxc.c:198:6:FM_MXC_Mode	16	static
../FLOWMEET/fm_mxc.c:229:6:FM_MXC_PowerOn	8	static
../FLOWMEET/fm_mxc.c:250:6:FM_MXC_PowerOff	8	static
../FLOWMEET/fm_mxc.c:263:6:FM_MXC_Sleep	8	static
../FLOWMEET/fm_mxc.c:274:6:FM_MXC_Wakeup	8	static
../FLOWMEET/fm_mxc.c:289:6:FM_MXC_BTConnect	16	static
../FLOWMEET/fm_mxc.c:306:6:FM_MXC_ATMode	8	static
../FLOWMEET/fm_mxc.c:319:17:MXC_SendAT	40	static
../FLOWMEET/fm_mxc.c:355:6:FM_MXC_Print	16	static
../FLOWMEET/fm_mxc.c:377:6:HAL_UART_RxCpltCallback	16	static
