../Core/Src/stm32u5xx_it.c:71:6:NMI_Handler	4	static
../Core/Src/stm32u5xx_it.c:86:6:HardFault_Handler	4	static
../Core/Src/stm32u5xx_it.c:101:6:MemManage_Handler	4	static
../Core/Src/stm32u5xx_it.c:116:6:BusFault_Handler	4	static
../Core/Src/stm32u5xx_it.c:131:6:UsageFault_Handler	4	static
../Core/Src/stm32u5xx_it.c:146:6:DebugMon_Handler	4	static
../Core/Src/stm32u5xx_it.c:166:6:EXTI10_IRQHandler	8	static
../Core/Src/stm32u5xx_it.c:180:6:EXTI11_IRQHandler	8	static
../Core/Src/stm32u5xx_it.c:194:6:EXTI12_IRQHandler	8	static
../Core/Src/stm32u5xx_it.c:208:6:EXTI13_IRQHandler	8	static
../Core/Src/stm32u5xx_it.c:222:6:TIM6_IRQHandler	8	static
../Core/Src/stm32u5xx_it.c:236:6:LPTIM1_IRQHandler	8	static
