D:/githubs/fmc-320u/libs/fm_lcd/pcf8553.c:161:13:prepare_to_send	24	static
D:/githubs/fmc-320u/libs/fm_lcd/pcf8553.c:175:13:spi1_init	8	static
D:/githubs/fmc-320u/libs/fm_lcd/pcf8553.c:218:6:pcf8553_blink	16	static
D:/githubs/fmc-320u/libs/fm_lcd/pcf8553.c:227:6:pcf8553_clear_buff	16	static
D:/githubs/fmc-320u/libs/fm_lcd/pcf8553.c:258:6:pcf8553_dump	16	static
D:/githubs/fmc-320u/libs/fm_lcd/pcf8553.c:274:6:pcf8553_init	8	static
D:/githubs/fmc-320u/libs/fm_lcd/pcf8553.c:313:6:pcf8553_reset	8	static
D:/githubs/fmc-320u/libs/fm_lcd/pcf8553.c:332:6:pcf8553_write_all	24	static
D:/githubs/fmc-320u/libs/fm_lcd/pcf8553.c:349:6:pcf8553_write_byte	16	static
