../FLOWMEET/fm_mxc.c:198:6:FM_MXC_Mode	16	static
../FLOWMEET/fm_mxc.c:229:6:FM_MXC_PowerOn	8	static
../FLOWMEET/fm_mxc.c:250:6:FM_MXC_PowerOff	8	static
../FLOWMEET/fm_mxc.c:262:6:FM_MXC_Sleep	8	static
../FLOWMEET/fm_mxc.c:273:6:FM_MXC_Wakeup	8	static
../FLOWMEET/fm_mxc.c:288:6:FM_MXC_BTConnect	16	static
../FLOWMEET/fm_mxc.c:305:6:FM_MXC_ATMode	8	static
../FLOWMEET/fm_mxc.c:318:17:MXC_SendAT	40	static
../FLOWMEET/fm_mxc.c:354:6:FM_MXC_Print	16	static
../FLOWMEET/fm_mxc.c:376:6:HAL_UART_RxCpltCallback	16	static
