D:/githubs/fmc-320u/libs/fm_lcd/fm_lcd.c:71:6:fm_lcd_acm_rate	232	static
D:/githubs/fmc-320u/libs/fm_lcd/fm_lcd.c:100:6:fm_lcd_acm_temp	144	static
D:/githubs/fmc-320u/libs/fm_lcd/fm_lcd.c:127:6:fm_lcd_battery_low	16	static
D:/githubs/fmc-320u/libs/fm_lcd/fm_lcd.c:137:6:fm_lcd_clear	8	static
D:/githubs/fmc-320u/libs/fm_lcd/fm_lcd.c:152:6:fm_lcd_date_hour	72	static
D:/githubs/fmc-320u/libs/fm_lcd/fm_lcd.c:255:6:fm_lcd_format_number_in_line	24	static
D:/githubs/fmc-320u/libs/fm_lcd/fm_lcd.c:277:5:fm_lcd_fp_add_dot	40	static
D:/githubs/fmc-320u/libs/fm_lcd/fm_lcd.c:327:5:fm_lcd_fp_to_str	40	static
D:/githubs/fmc-320u/libs/fm_lcd/fm_lcd.c:411:6:fm_lcd_init	8	static
D:/githubs/fmc-320u/libs/fm_lcd/fm_lcd.c:424:6:fm_lcd_k_factor	64	static
D:/githubs/fmc-320u/libs/fm_lcd/fm_lcd.c:467:6:fm_lcd_k_lin	72	static
D:/githubs/fmc-320u/libs/fm_lcd/fm_lcd.c:552:6:fm_lcd_puts	24	static
D:/githubs/fmc-320u/libs/fm_lcd/fm_lcd.c:587:6:fm_lcd_refresh	8	static
D:/githubs/fmc-320u/libs/fm_lcd/fm_lcd.c:599:6:fm_lcd_ttl_rate	232	static
D:/githubs/fmc-320u/libs/fm_lcd/fm_lcd.c:627:6:fm_lcd_units_tim	160	static
D:/githubs/fmc-320u/libs/fm_lcd/fm_lcd.c:681:6:fm_lcd_units_vol	160	static
D:/githubs/fmc-320u/libs/fm_lcd/fm_lcd.c:736:6:fm_lcd_version	32	static
