D:/githubs/fmc-320u/libs/fm_lcd/lcd.c:166:6:lcd_clear_all	16	static
D:/githubs/fmc-320u/libs/fm_lcd/lcd.c:194:6:lcd_clear_digit	16	static
D:/githubs/fmc-320u/libs/fm_lcd/lcd.c:355:6:lcd_clear_point	16	static
D:/githubs/fmc-320u/libs/fm_lcd/lcd.c:420:6:lcd_clear_symbol	16	static
D:/githubs/fmc-320u/libs/fm_lcd/lcd.c:603:6:lcd_clear_time_unit	16	static
D:/githubs/fmc-320u/libs/fm_lcd/lcd.c:631:6:lcd_clear_vol_unit	16	static
D:/githubs/fmc-320u/libs/fm_lcd/lcd.c:744:6:lcd_init	8	static
D:/githubs/fmc-320u/libs/fm_lcd/lcd.c:755:6:lcd_put_char	16	static
D:/githubs/fmc-320u/libs/fm_lcd/lcd.c:935:6:lcd_refresh	8	static
D:/githubs/fmc-320u/libs/fm_lcd/lcd.c:945:6:lcd_set_point	16	static
D:/githubs/fmc-320u/libs/fm_lcd/lcd.c:1009:6:lcd_set_symbol	16	static
D:/githubs/fmc-320u/libs/fm_lcd/lcd.c:1192:6:lcd_set_time_unit	16	static
D:/githubs/fmc-320u/libs/fm_lcd/lcd.c:1219:6:lcd_set_vol_unit	16	static
D:/githubs/fmc-320u/libs/fm_lcd/lcd.c:1341:6:lcd_write_line	24	static
